Component: ARM Compiler 5.06 update 5 (build 528) Tool: armlink [4d35e2]

==============================================================================

Section Cross References

    main.o(i.advertising_init) refers to memseta.o(.text) for __aeabi_memclr4
    main.o(i.advertising_init) refers to ble_advertising.o(i.ble_advertising_init) for ble_advertising_init
    main.o(i.advertising_init) refers to app_error.o(i.app_error_handler) for app_error_handler
    main.o(i.advertising_init) refers to ble_advertising.o(i.ble_advertising_conn_cfg_tag_set) for ble_advertising_conn_cfg_tag_set
    main.o(i.advertising_init) refers to main.o(.data) for m_adv_uuids
    main.o(i.advertising_init) refers to main.o(i.on_adv_evt) for on_adv_evt
    main.o(i.assert_nrf_callback) refers to app_error.o(i.app_error_handler) for app_error_handler
    main.o(i.ble_evt_dispatch) refers to ble_conn_params.o(i.ble_conn_params_on_ble_evt) for ble_conn_params_on_ble_evt
    main.o(i.ble_evt_dispatch) refers to nrf_ble_gatt.o(i.nrf_ble_gatt_on_ble_evt) for nrf_ble_gatt_on_ble_evt
    main.o(i.ble_evt_dispatch) refers to ble_nus.o(i.ble_nus_on_ble_evt) for ble_nus_on_ble_evt
    main.o(i.ble_evt_dispatch) refers to main.o(i.on_ble_evt) for on_ble_evt
    main.o(i.ble_evt_dispatch) refers to ble_advertising.o(i.ble_advertising_on_ble_evt) for ble_advertising_on_ble_evt
    main.o(i.ble_evt_dispatch) refers to bsp_btn_ble.o(i.bsp_btn_ble_on_ble_evt) for bsp_btn_ble_on_ble_evt
    main.o(i.ble_evt_dispatch) refers to main.o(.bss) for m_gatt
    main.o(i.ble_stack_init) refers to softdevice_handler.o(i.softdevice_handler_init) for softdevice_handler_init
    main.o(i.ble_stack_init) refers to app_error.o(i.app_error_handler) for app_error_handler
    main.o(i.ble_stack_init) refers to softdevice_handler.o(i.softdevice_app_ram_start_get) for softdevice_app_ram_start_get
    main.o(i.ble_stack_init) refers to softdevice_handler.o(i.softdevice_enable) for softdevice_enable
    main.o(i.ble_stack_init) refers to softdevice_handler.o(i.softdevice_ble_evt_handler_set) for softdevice_ble_evt_handler_set
    main.o(i.ble_stack_init) refers to main.o(.constdata) for .constdata
    main.o(i.ble_stack_init) refers to main.o(.bss) for BLE_EVT_BUFFER
    main.o(i.ble_stack_init) refers to main.o(i.ble_evt_dispatch) for ble_evt_dispatch
    main.o(i.conn_params_error_handler) refers to app_error.o(i.app_error_handler) for app_error_handler
    main.o(i.conn_params_init) refers to memseta.o(.text) for __aeabi_memclr4
    main.o(i.conn_params_init) refers to ble_conn_params.o(i.ble_conn_params_init) for ble_conn_params_init
    main.o(i.conn_params_init) refers to app_error.o(i.app_error_handler) for app_error_handler
    main.o(i.conn_params_init) refers to main.o(i.on_conn_params_evt) for on_conn_params_evt
    main.o(i.conn_params_init) refers to main.o(i.conn_params_error_handler) for conn_params_error_handler
    main.o(i.gap_params_init) refers to app_error.o(i.app_error_handler) for app_error_handler
    main.o(i.gatt_evt_handler) refers to nrf_log_frontend.o(i.nrf_log_frontend_std_2) for nrf_log_frontend_std_2
    main.o(i.gatt_evt_handler) refers to main.o(.data) for m_conn_handle
    main.o(i.gatt_init) refers to nrf_ble_gatt.o(i.nrf_ble_gatt_init) for nrf_ble_gatt_init
    main.o(i.gatt_init) refers to app_error.o(i.app_error_handler) for app_error_handler
    main.o(i.gatt_init) refers to nrf_ble_gatt.o(i.nrf_ble_gatt_att_mtu_periph_set) for nrf_ble_gatt_att_mtu_periph_set
    main.o(i.gatt_init) refers to main.o(i.gatt_evt_handler) for gatt_evt_handler
    main.o(i.gatt_init) refers to main.o(.bss) for m_gatt
    main.o(i.log_init) refers to nrf_log_frontend.o(i.nrf_log_init) for nrf_log_init
    main.o(i.log_init) refers to app_error.o(i.app_error_handler) for app_error_handler
    main.o(i.main) refers to app_timer.o(i.app_timer_init) for app_timer_init
    main.o(i.main) refers to app_error.o(i.app_error_handler) for app_error_handler
    main.o(i.main) refers to main.o(i.uart_init) for uart_init
    main.o(i.main) refers to main.o(i.log_init) for log_init
    main.o(i.main) refers to main.o(i.ble_stack_init) for ble_stack_init
    main.o(i.main) refers to main.o(i.gap_params_init) for gap_params_init
    main.o(i.main) refers to main.o(i.gatt_init) for gatt_init
    main.o(i.main) refers to main.o(i.services_init) for services_init
    main.o(i.main) refers to main.o(i.advertising_init) for advertising_init
    main.o(i.main) refers to main.o(i.conn_params_init) for conn_params_init
    main.o(i.main) refers to main.o(i.saadc_sampling_event_init) for saadc_sampling_event_init
    main.o(i.main) refers to main.o(i.saadc_init) for saadc_init
    main.o(i.main) refers to main.o(i.saadc_sampling_event_enable) for saadc_sampling_event_enable
    main.o(i.main) refers to main.o(i.saadc_sampling_event_disable) for saadc_sampling_event_disable
    main.o(i.main) refers to nrf_drv_saadc.o(i.nrf_drv_saadc_uninit) for nrf_drv_saadc_uninit
[...]
    whitelist_has_entries                    0x00025f21   Thumb Code     6  ble_advertising.o(i.whitelist_has_entries)
    .constdata                               0x00025f2c   Section       93  main.o(.constdata)
    m_timer                                  0x00025f2c   Data           8  main.o(.constdata)
    .constdata                               0x00025f89   Section        8  boards.o(.constdata)
    m_board_led_list                         0x00025f89   Data           4  boards.o(.constdata)
    m_board_btn_list                         0x00025f8d   Data           4  boards.o(.constdata)
    .constdata                               0x00025f94   Section       44  bsp.o(.constdata)
    m_leds_timer_id                          0x00025f94   Data           4  bsp.o(.constdata)
    m_alert_timer_id                         0x00025f98   Data           4  bsp.o(.constdata)
    m_button_timer_id                        0x00025f9c   Data           4  bsp.o(.constdata)
    app_buttons                              0x00025fa0   Data          32  bsp.o(.constdata)
    .constdata                               0x00025fc0   Section        4  ble_conn_params.o(.constdata)
    m_conn_params_timer_id                   0x00025fc0   Data           4  ble_conn_params.o(.constdata)
    .constdata                               0x00025fc4   Section       22  nrf_ble_gatt.o(.constdata)
    .constdata                               0x00025fdc   Section       16  ble_nus.o(.constdata)
    .constdata                               0x00025fec   Section       71  nrf_drv_gpiote.o(.constdata)
    __func__                                 0x00025ff0   Data          20  nrf_drv_gpiote.o(.constdata)
    __func__                                 0x00026004   Data          24  nrf_drv_gpiote.o(.constdata)
    __func__                                 0x0002601c   Data          23  nrf_drv_gpiote.o(.constdata)
    .constdata                               0x00026033   Section      189  nrf_drv_saadc.o(.constdata)
    m_default_config                         0x00026033   Data           4  nrf_drv_saadc.o(.constdata)
    __func__                                 0x00026037   Data          19  nrf_drv_saadc.o(.constdata)
    __func__                                 0x0002604a   Data          27  nrf_drv_saadc.o(.constdata)
    __func__                                 0x00026065   Data          29  nrf_drv_saadc.o(.constdata)
    __func__                                 0x00026082   Data          29  nrf_drv_saadc.o(.constdata)
    __func__                                 0x0002609f   Data          29  nrf_drv_saadc.o(.constdata)
    __func__                                 0x000260bc   Data          21  nrf_drv_saadc.o(.constdata)
    __func__                                 0x000260d1   Data          31  nrf_drv_saadc.o(.constdata)
    .constdata                               0x000260f0   Section       32  app_uart_fifo.o(.constdata)
    .constdata                               0x00026110   Section       40  nrf_log_backend_serial.o(.constdata)
    m_default_color                          0x00026110   Data           5  nrf_log_backend_serial.o(.constdata)
    .constdata                               0x00026138   Section      129  ctype_o.o(.constdata)
    .constdata                               0x000261bc   Section        4  ctype_o.o(.constdata)
    table                                    0x000261bc   Data           4  ctype_o.o(.constdata)
    .conststring                             0x000261c0   Section      390  nrf_ble_gatt.o(.conststring)
    .conststring                             0x00026348   Section       87  softdevice_handler.o(.conststring)
    .data                                    0x20003228   Section       53  main.o(.data)
    m_conn_handle                            0x20003228   Data           2  main.o(.data)
    m_adv_uuids                              0x2000322a   Data           4  main.o(.data)
    m_ble_nus_max_data_len                   0x2000322e   Data           2  main.o(.data)
    m_ppi_channel                            0x20003231   Data           1  main.o(.data)
    m_adc_evt_counter                        0x20003234   Data           4  main.o(.data)
    fullTx                                   0x20003238   Data           1  main.o(.data)
    powerCount                               0x20003239   Data           1  main.o(.data)
    adc1                                     0x2000323c   Data           4  main.o(.data)
    adc2                                     0x20003240   Data           4  main.o(.data)
    adc3                                     0x20003244   Data           4  main.o(.data)
    adc4                                     0x20003248   Data           4  main.o(.data)
    adc5                                     0x2000324c   Data           4  main.o(.data)
    adc6                                     0x20003250   Data           4  main.o(.data)
    adc7                                     0x20003254   Data           4  main.o(.data)
    adc8                                     0x20003258   Data           4  main.o(.data)
    index                                    0x2000325c   Data           1  main.o(.data)
    .data                                    0x20003260   Section       21  bsp.o(.data)
    m_stable_state                           0x20003260   Data           1  bsp.o(.data)
    m_leds_clear                             0x20003261   Data           1  bsp.o(.data)
    m_indication_type                        0x20003264   Data           4  bsp.o(.data)
    m_alert_on                               0x20003268   Data           1  bsp.o(.data)
    m_registered_callback                    0x2000326c   Data           4  bsp.o(.data)
    current_long_push_pin_no                 0x20003270   Data           1  bsp.o(.data)
    release_event_at_push                    0x20003271   Data           4  bsp.o(.data)
    .data                                    0x20003278   Section        8  bsp_btn_ble.o(.data)
    m_error_handler                          0x20003278   Data           4  bsp_btn_ble.o(.data)
    m_num_connections                        0x2000327c   Data           4  bsp_btn_ble.o(.data)
    .data                                    0x20003280   Section       31  ble_advertising.o(.data)
    m_initialized                            0x20003280   Data           1  ble_advertising.o(.data)
    m_advertising_start_pending              0x20003281   Data           1  ble_advertising.o(.data)
    m_adv_evt                                0x20003282   Data           1  ble_advertising.o(.data)
    m_adv_mode_current                       0x20003283   Data           1  ble_advertising.o(.data)
    m_conn_cfg_tag                           0x20003284   Data           1  ble_advertising.o(.data)
    m_peer_address                           0x20003285   Data           7  ble_advertising.o(.data)
    m_peer_addr_reply_expected               0x2000328c   Data           1  ble_advertising.o(.data)
    m_slave_conn_int                         0x2000328e   Data           4  ble_advertising.o(.data)
    m_current_slave_link_conn_handle         0x20003292   Data           2  ble_advertising.o(.data)
    m_evt_handler                            0x20003294   Data           4  ble_advertising.o(.data)
    m_error_handler                          0x20003298   Data           4  ble_advertising.o(.data)
    m_whitelist_temporarily_disabled         0x2000329c   Data           1  ble_advertising.o(.data)
    m_whitelist_reply_expected               0x2000329d   Data           1  ble_advertising.o(.data)
    m_whitelist_in_use                       0x2000329e   Data           1  ble_advertising.o(.data)
    .data                                    0x200032a0   Section       21  ble_conn_params.o(.data)
    m_preferred_conn_params                  0x200032a0   Data           8  ble_conn_params.o(.data)
    m_update_count                           0x200032a8   Data           1  ble_conn_params.o(.data)
    m_conn_handle                            0x200032aa   Data           2  ble_conn_params.o(.data)
    m_current_conn_params                    0x200032ac   Data           8  ble_conn_params.o(.data)
    m_change_param                           0x200032b4   Data           1  ble_conn_params.o(.data)
    .data                                    0x200032b8   Section        9  nrf_drv_ppi.o(.data)
    m_drv_state                              0x200032b8   Data           1  nrf_drv_ppi.o(.data)
    m_channels_allocated                     0x200032bc   Data           4  nrf_drv_ppi.o(.data)
    m_groups_allocated                       0x200032c0   Data           1  nrf_drv_ppi.o(.data)
    .data                                    0x200032c4   Section       20  app_timer.o(.data)
    mp_timer_id_head                         0x200032c4   Data           4  app_timer.o(.data)
    m_ticks_latest                           0x200032c8   Data           4  app_timer.o(.data)
    m_ticks_elapsed                          0x200032cc   Data           8  app_timer.o(.data)
    m_ticks_elapsed_q_read_ind               0x200032d4   Data           1  app_timer.o(.data)
    m_ticks_elapsed_q_write_ind              0x200032d5   Data           1  app_timer.o(.data)
    m_rtc1_running                           0x200032d6   Data           1  app_timer.o(.data)
    m_rtc1_reset                             0x200032d7   Data           1  app_timer.o(.data)
    .data                                    0x200032d8   Section       15  app_uart_fifo.o(.data)
    app_uart_inst                            0x200032d8   Data           8  app_uart_fifo.o(.data)
    m_event_handler                          0x200032e0   Data           4  app_uart_fifo.o(.data)
    tx_buffer                                0x200032e4   Data           1  app_uart_fifo.o(.data)
    rx_buffer                                0x200032e5   Data           1  app_uart_fifo.o(.data)
    m_rx_ovf                                 0x200032e6   Data           1  app_uart_fifo.o(.data)
    .data                                    0x200032e8   Section        8  retarget.o(.data)
    .data                                    0x200032f0   Section       11  nrf_log_backend_serial.o(.data)
    m_uart                                   0x200032f0   Data           8  nrf_log_backend_serial.o(.data)
    m_initialized                            0x200032f8   Data           1  nrf_log_backend_serial.o(.data)
    m_blocking_mode                          0x200032f9   Data           1  nrf_log_backend_serial.o(.data)
    m_rx_done                                0x200032fa   Data           1  nrf_log_backend_serial.o(.data)
    .data                                    0x200032fc   Section       24  softdevice_handler.o(.data)
    m_evt_schedule_func                      0x200032fc   Data           4  softdevice_handler.o(.data)
    m_sys_evt_handler                        0x20003300   Data           4  softdevice_handler.o(.data)
    m_softdevice_enabled                     0x20003304   Data           1  softdevice_handler.o(.data)
    m_suspended                              0x20003305   Data           1  softdevice_handler.o(.data)
    mp_ble_evt_buffer                        0x20003308   Data           4  softdevice_handler.o(.data)
    m_ble_evt_buffer_size                    0x2000330c   Data           2  softdevice_handler.o(.data)
    m_ble_evt_handler                        0x20003310   Data           4  softdevice_handler.o(.data)
    .data                                    0x20003314   Section        4  system_nrf52.o(.data)
    __tagsym$$used                           0x20003314   Number         0  system_nrf52.o(.data)
    .bss                                     0x20003318   Section      955  main.o(.bss)
    m_nus                                    0x20003318   Data          28  main.o(.bss)
    m_gatt                                   0x20003334   Data          28  main.o(.bss)
    m_buffer_pool                            0x20003350   Data          16  main.o(.bss)
    BLE_EVT_BUFFER                           0x20003360   Data         216  main.o(.bss)
    data_array                               0x20003438   Data         155  main.o(.bss)
    rx_buf                                   0x200034d3   Data         256  main.o(.bss)
    tx_buf                                   0x200035d3   Data         256  main.o(.bss)
    .bss                                     0x200036d4   Section      108  bsp.o(.bss)
    m_leds_timer_id_data                     0x200036d4   Data          32  bsp.o(.bss)
    m_alert_timer_id_data                    0x200036f4   Data          32  bsp.o(.bss)
    m_events_list                            0x20003714   Data          12  bsp.o(.bss)
    m_button_timer_id_data                   0x20003720   Data          32  bsp.o(.bss)
    .bss                                     0x20003740   Section      179  ble_advertising.o(.bss)
    m_adv_modes_config                       0x20003740   Data          32  ble_advertising.o(.bss)
    m_advdata                                0x20003760   Data          60  ble_advertising.o(.bss)
    m_manuf_specific_data                    0x2000379c   Data          12  ble_advertising.o(.bss)
    m_manuf_data_array                       0x200037a8   Data          31  ble_advertising.o(.bss)
    m_service_data                           0x200037c8   Data          12  ble_advertising.o(.bss)
    m_service_data_array                     0x200037d4   Data          31  ble_advertising.o(.bss)
    .bss                                     0x200037f4   Section       60  ble_conn_params.o(.bss)
    m_conn_params_config                     0x200037f4   Data          28  ble_conn_params.o(.bss)
    m_conn_params_timer_id_data              0x20003810   Data          32  ble_conn_params.o(.bss)
    .bss                                     0x20003830   Section       20  nrf_drv_clock.o(.bss)
    m_clock_cb                               0x20003830   Data          20  nrf_drv_clock.o(.bss)
    .bss                                     0x20003844   Section       88  nrf_drv_gpiote.o(.bss)
    m_cb                                     0x20003844   Data          88  nrf_drv_gpiote.o(.bss)
    .bss                                     0x2000389c   Section       32  nrf_drv_uart.o(.bss)
    m_cb                                     0x2000389c   Data          32  nrf_drv_uart.o(.bss)
    .bss                                     0x200038bc   Section       12  nrf_drv_timer.o(.bss)
    m_cb                                     0x200038bc   Data          12  nrf_drv_timer.o(.bss)
    .bss                                     0x200038c8   Section       48  nrf_drv_saadc.o(.bss)
    m_cb                                     0x200038c8   Data          48  nrf_drv_saadc.o(.bss)
    .bss                                     0x200038f8   Section       32  app_error.o(.bss)
    m_error_data                             0x200038f8   Data          32  app_error.o(.bss)
    .bss                                     0x20003918   Section      268  app_timer.o(.bss)
    m_op_queue                               0x20003918   Data         268  app_timer.o(.bss)
    .bss                                     0x20003a24   Section       32  app_uart_fifo.o(.bss)
    m_rx_fifo                                0x20003a24   Data          16  app_uart_fifo.o(.bss)
    m_tx_fifo                                0x20003a34   Data          16  app_uart_fifo.o(.bss)
    .bss                                     0x20003a44   Section       12  app_util_platform.o(.bss)
    .bss                                     0x20003a50   Section      104  fstorage.o(.bss)
    m_queue                                  0x20003a50   Data         104  fstorage.o(.bss)
    .bss                                     0x20003ab8   Section      256  nrf_log_backend_serial.o(.bss)
    m_uart_buffer                            0x20003ab8   Data         256  nrf_log_backend_serial.o(.bss)
    .bss                                     0x20003bb8   Section       28  nrf_log_frontend.o(.bss)
    m_log_data                               0x20003bb8   Data          28  nrf_log_frontend.o(.bss)
    .bss                                     0x20003bd4   Section      648  segger_rtt.o(.bss)
    _acUpBuffer                              0x20003bd4   Data         512  segger_rtt.o(.bss)
    _acDownBuffer                            0x20003dd4   Data          16  segger_rtt.o(.bss)
    STACK                                    0x20003e60   Section     8192  arm_startup_nrf52.o(STACK)

    Global Symbols

    Symbol Name                              Value     Ov Type        Size  Object(Section)

    BuildAttributes$$THM_ISAv4$E$P$D$K$B$S$7EM$VFPi3$EXTD16$VFPS$VFMA$PE$A:L22UL41UL21$X:L11$S22US41US21$IEEE1$IW$USESV6$~STKCKD$USESV7$~SHL$OSPACE$ROPI$EBA8$MICROLIB$REQ8$PRES8$EABIv2 0x00000000   Number         0  anon$$obj.o ABSOLUTE
    __ARM_use_no_argv                        0x00000000   Number         0  main.o ABSOLUTE
    _printf_a                                0x00000000   Number         0  stubs.o ABSOLUTE
    _printf_c                                0x00000000   Number         0  stubs.o ABSOLUTE
    _printf_charcount                        0x00000000   Number         0  stubs.o ABSOLUTE
    _printf_d                                0x00000000   Number         0  stubs.o ABSOLUTE
    _printf_e                                0x00000000   Number         0  stubs.o ABSOLUTE
    _printf_f                                0x00000000   Number         0  stubs.o ABSOLUTE
    _printf_flags                            0x00000000   Number         0  stubs.o ABSOLUTE
    _printf_fp_dec                           0x00000000   Number         0  stubs.o ABSOLUTE
    _printf_fp_hex                           0x00000000   Number         0  stubs.o ABSOLUTE
    _printf_g                                0x00000000   Number         0  stubs.o ABSOLUTE
    _printf_i                                0x00000000   Number         0  stubs.o ABSOLUTE
    _printf_int_dec                          0x00000000   Number         0  stubs.o ABSOLUTE
    _printf_l                                0x00000000   Number         0  stubs.o ABSOLUTE
    _printf_lc                               0x00000000   Number         0  stubs.o ABSOLUTE
    _printf_ll                               0x00000000   Number         0  stubs.o ABSOLUTE
    _printf_lld                              0x00000000   Number         0  stubs.o ABSOLUTE
    _printf_lli                              0x00000000   Number         0  stubs.o ABSOLUTE
    _printf_llo                              0x00000000   Number         0  stubs.o ABSOLUTE
    _printf_llu                              0x00000000   Number         0  stubs.o ABSOLUTE
    _printf_llx                              0x00000000   Number         0  stubs.o ABSOLUTE
    _printf_longlong_dec                     0x00000000   Number         0  stubs.o ABSOLUTE
    _printf_longlong_hex                     0x00000000   Number         0  stubs.o ABSOLUTE
    _printf_longlong_oct                     0x00000000   Number         0  stubs.o ABSOLUTE
    _printf_ls                               0x00000000   Number         0  stubs.o ABSOLUTE
    _printf_mbtowc                           0x00000000   Number         0  stubs.o ABSOLUTE
    _printf_n                                0x00000000   Number         0  stubs.o ABSOLUTE
    _printf_o                                0x00000000   Number         0  stubs.o ABSOLUTE
    _printf_p                                0x00000000   Number         0  stubs.o ABSOLUTE
    _printf_percent                          0x00000000   Number         0  stubs.o ABSOLUTE
    _printf_pre_padding                      0x00000000   Number         0  stubs.o ABSOLUTE
    _printf_return_value                     0x00000000   Number         0  stubs.o ABSOLUTE
    _printf_s                                0x00000000   Number         0  stubs.o ABSOLUTE
    _printf_sizespec                         0x00000000   Number         0  stubs.o ABSOLUTE
    _printf_str                              0x00000000   Number         0  stubs.o ABSOLUTE
    _printf_truncate_signed                  0x00000000   Number         0  stubs.o ABSOLUTE
    _printf_truncate_unsigned                0x00000000   Number         0  stubs.o ABSOLUTE
    _printf_u                                0x00000000   Number         0  stubs.o ABSOLUTE
    _printf_wc                               0x00000000   Number         0  stubs.o ABSOLUTE
    _printf_wctomb                           0x00000000   Number         0  stubs.o ABSOLUTE
    _printf_widthprec                        0x00000000   Number         0  stubs.o ABSOLUTE
    _printf_x                                0x00000000   Number         0  stubs.o ABSOLUTE
    __cpp_initialize__aeabi_                  - Undefined Weak Reference
    __cxa_finalize                            - Undefined Weak Reference
    __decompress                              - Undefined Weak Reference
    _clock_init                               - Undefined Weak Reference
    _microlib_exit                            - Undefined Weak Reference
    fs_data$$Base                             - Undefined Reference
    fs_data$$Limit                            - Undefined Reference
    __Vectors_Size                           0x00000200   Number         0  arm_startup_nrf52.o ABSOLUTE
    __Vectors                                0x0001f000   Data           4  arm_startup_nrf52.o(RESET)
    __Vectors_End                            0x0001f200   Data           0  arm_startup_nrf52.o(RESET)
    __main                                   0x0001f201   Thumb Code     0  entry.o(.ARM.Collect$$$$00000000)
    _main_stk                                0x0001f201   Thumb Code     0  entry2.o(.ARM.Collect$$$$00000001)
    _main_scatterload                        0x0001f205   Thumb Code     0  entry5.o(.ARM.Collect$$$$00000004)
    __main_after_scatterload                 0x0001f209   Thumb Code     0  entry5.o(.ARM.Collect$$$$00000004)
    _main_clock                              0x0001f209   Thumb Code     0  entry7b.o(.ARM.Collect$$$$00000008)
    _main_cpp_init                           0x0001f209   Thumb Code     0  entry8b.o(.ARM.Collect$$$$0000000A)
    _main_init                               0x0001f209   Thumb Code     0  entry9a.o(.ARM.Collect$$$$0000000B)
    __rt_final_cpp                           0x0001f211   Thumb Code     0  entry10a.o(.ARM.Collect$$$$0000000D)
    __rt_final_exit                          0x0001f211   Thumb Code     0  entry11a.o(.ARM.Collect$$$$0000000F)
    Reset_Handler                            0x0001f215   Thumb Code     8  arm_startup_nrf52.o(.text)
    NMI_Handler                              0x0001f21d   Thumb Code     2  arm_startup_nrf52.o(.text)
    HardFault_Handler                        0x0001f21f   Thumb Code     2  arm_startup_nrf52.o(.text)
    MemoryManagement_Handler                 0x0001f221   Thumb Code     2  arm_startup_nrf52.o(.text)
    BusFault_Handler                         0x0001f223   Thumb Code     2  arm_startup_nrf52.o(.text)
    UsageFault_Handler                       0x0001f225   Thumb Code     2  arm_startup_nrf52.o(.text)
    SVC_Handler                              0x0001f227   Thumb Code     2  arm_startup_nrf52.o(.text)
    DebugMon_Handler                         0x0001f229   Thumb Code     2  arm_startup_nrf52.o(.text)
    PendSV_Handler                           0x0001f22b   Thumb Code     2  arm_startup_nrf52.o(.text)
    SysTick_Handler                          0x0001f22d   Thumb Code     2  arm_startup_nrf52.o(.text)
    CCM_AAR_IRQHandler                       0x0001f22f   Thumb Code     0  arm_startup_nrf52.o(.text)
    COMP_LPCOMP_IRQHandler                   0x0001f22f   Thumb Code     0  arm_startup_nrf52.o(.text)
    ECB_IRQHandler                           0x0001f22f   Thumb Code     0  arm_startup_nrf52.o(.text)
    FPU_IRQHandler                           0x0001f22f   Thumb Code     0  arm_startup_nrf52.o(.text)
    I2S_IRQHandler                           0x0001f22f   Thumb Code     0  arm_startup_nrf52.o(.text)
    MWU_IRQHandler                           0x0001f22f   Thumb Code     0  arm_startup_nrf52.o(.text)
    NFCT_IRQHandler                          0x0001f22f   Thumb Code     0  arm_startup_nrf52.o(.text)
    PDM_IRQHandler                           0x0001f22f   Thumb Code     0  arm_startup_nrf52.o(.text)
    PWM0_IRQHandler                          0x0001f22f   Thumb Code     0  arm_startup_nrf52.o(.text)
    PWM1_IRQHandler                          0x0001f22f   Thumb Code     0  arm_startup_nrf52.o(.text)
    PWM2_IRQHandler                          0x0001f22f   Thumb Code     0  arm_startup_nrf52.o(.text)
    QDEC_IRQHandler                          0x0001f22f   Thumb Code     0  arm_startup_nrf52.o(.text)
    RADIO_IRQHandler                         0x0001f22f   Thumb Code     0  arm_startup_nrf52.o(.text)
    RNG_IRQHandler                           0x0001f22f   Thumb Code     0  arm_startup_nrf52.o(.text)
    RTC0_IRQHandler                          0x0001f22f   Thumb Code     0  arm_startup_nrf52.o(.text)
    RTC2_IRQHandler                          0x0001f22f   Thumb Code     0  arm_startup_nrf52.o(.text)
    SPIM0_SPIS0_TWIM0_TWIS0_SPI0_TWI0_IRQHandler 0x0001f22f   Thumb Code     0  arm_startup_nrf52.o(.text)
    SPIM1_SPIS1_TWIM1_TWIS1_SPI1_TWI1_IRQHandler 0x0001f22f   Thumb Code     0  arm_startup_nrf52.o(.text)
    SPIM2_SPIS2_SPI2_IRQHandler              0x0001f22f   Thumb Code     0  arm_startup_nrf52.o(.text)
    SWI1_EGU1_IRQHandler                     0x0001f22f   Thumb Code     0  arm_startup_nrf52.o(.text)
    SWI3_EGU3_IRQHandler                     0x0001f22f   Thumb Code     0  arm_startup_nrf52.o(.text)
    SWI4_EGU4_IRQHandler                     0x0001f22f   Thumb Code     0  arm_startup_nrf52.o(.text)
    SWI5_EGU5_IRQHandler                     0x0001f22f   Thumb Code     0  arm_startup_nrf52.o(.text)
    TEMP_IRQHandler                          0x0001f22f   Thumb Code     0  arm_startup_nrf52.o(.text)
    TIMER0_IRQHandler                        0x0001f22f   Thumb Code     0  arm_startup_nrf52.o(.text)
    TIMER1_IRQHandler                        0x0001f22f   Thumb Code     0  arm_startup_nrf52.o(.text)
    TIMER2_IRQHandler                        0x0001f22f   Thumb Code     0  arm_startup_nrf52.o(.text)
    TIMER4_IRQHandler                        0x0001f22f   Thumb Code     0  arm_startup_nrf52.o(.text)
    WDT_IRQHandler                           0x0001f22f   Thumb Code     0  arm_startup_nrf52.o(.text)
    __aeabi_uldivmod                         0x0001f239   Thumb Code    98  uldiv.o(.text)
    __rt_ctype_table                         0x0001f29d   Thumb Code     4  ctype_o.o(.text)
    __aeabi_memcpy                           0x0001f2a5   Thumb Code    36  memcpya.o(.text)
    __aeabi_memcpy4                          0x0001f2a5   Thumb Code     0  memcpya.o(.text)
    __aeabi_memcpy8                          0x0001f2a5   Thumb Code     0  memcpya.o(.text)
    __aeabi_memset                           0x0001f2c9   Thumb Code    14  memseta.o(.text)
    __aeabi_memset4                          0x0001f2c9   Thumb Code     0  memseta.o(.text)
    __aeabi_memset8                          0x0001f2c9   Thumb Code     0  memseta.o(.text)
    __aeabi_memclr                           0x0001f2d7   Thumb Code     4  memseta.o(.text)
    __aeabi_memclr4                          0x0001f2d7   Thumb Code     0  memseta.o(.text)
    __aeabi_memclr8                          0x0001f2d7   Thumb Code     0  memseta.o(.text)
    _memset$wrapper                          0x0001f2db   Thumb Code    18  memseta.o(.text)
    strlen                                   0x0001f2ed   Thumb Code    14  strlen.o(.text)
    memcmp                                   0x0001f2fb   Thumb Code    26  memcmp.o(.text)
    strcpy                                   0x0001f315   Thumb Code    18  strcpy.o(.text)
    __aeabi_llsl                             0x0001f327   Thumb Code    30  llshl.o(.text)
    _ll_shift_l                              0x0001f327   Thumb Code     0  llshl.o(.text)
    __aeabi_llsr                             0x0001f345   Thumb Code    32  llushr.o(.text)
    _ll_ushift_r                             0x0001f345   Thumb Code     0  llushr.o(.text)
    __scatterload                            0x0001f365   Thumb Code    28  init.o(.text)
    __scatterload_rt2                        0x0001f365   Thumb Code     0  init.o(.text)
    GPIOTE_IRQHandler                        0x0001f389   Thumb Code   554  nrf_drv_gpiote.o(i.GPIOTE_IRQHandler)
    POWER_CLOCK_IRQHandler                   0x0001f65d   Thumb Code    74  nrf_drv_clock.o(i.POWER_CLOCK_IRQHandler)
    RTC1_IRQHandler                          0x0001f6ad   Thumb Code    44  app_timer.o(i.RTC1_IRQHandler)
    SAADC_IRQHandler                         0x0001f6e1   Thumb Code   456  nrf_drv_saadc.o(i.SAADC_IRQHandler)
    SEGGER_RTT_Init                          0x0001f8ad   Thumb Code    18  segger_rtt.o(i.SEGGER_RTT_Init)
    SEGGER_RTT_WriteNoLock                   0x0001f8c5   Thumb Code   126  segger_rtt.o(i.SEGGER_RTT_WriteNoLock)
    SWI0_EGU0_IRQHandler                     0x0001f949   Thumb Code     8  app_timer.o(i.SWI0_EGU0_IRQHandler)
    SWI2_EGU2_IRQHandler                     0x0001f951   Thumb Code    48  softdevice_handler.o(i.SWI2_EGU2_IRQHandler)
    SystemCoreClockUpdate                    0x0001f989   Thumb Code     8  system_nrf52.o(i.SystemCoreClockUpdate)
    SystemInit                               0x0001f999   Thumb Code   578  system_nrf52.o(i.SystemInit)
    TIMER3_IRQHandler                        0x0001fc1d   Thumb Code    14  nrf_drv_timer.o(i.TIMER3_IRQHandler)
    UARTE0_UART0_IRQHandler                  0x0001fc35   Thumb Code    28  nrf_drv_uart.o(i.UARTE0_UART0_IRQHandler)
    __0printf$8                              0x0001fda5   Thumb Code    22  printf8.o(i.__0printf$8)
    __1printf$8                              0x0001fda5   Thumb Code     0  printf8.o(i.__0printf$8)
    __2printf                                0x0001fda5   Thumb Code     0  printf8.o(i.__0printf$8)
    __0snprintf$8                            0x0001fdc5   Thumb Code    44  printf8.o(i.__0snprintf$8)
    __1snprintf$8                            0x0001fdc5   Thumb Code     0  printf8.o(i.__0snprintf$8)
    __2snprintf                              0x0001fdc5   Thumb Code     0  printf8.o(i.__0snprintf$8)
    __0sprintf$8                             0x0001fdf5   Thumb Code    34  printf8.o(i.__0sprintf$8)
    __1sprintf$8                             0x0001fdf5   Thumb Code     0  printf8.o(i.__0sprintf$8)
    __2sprintf                               0x0001fdf5   Thumb Code     0  printf8.o(i.__0sprintf$8)
    __scatterload_copy                       0x0001fe1d   Thumb Code    14  handlers.o(i.__scatterload_copy)
    __scatterload_null                       0x0001fe2b   Thumb Code     2  handlers.o(i.__scatterload_null)
    __scatterload_zeroinit                   0x0001fe2d   Thumb Code    14  handlers.o(i.__scatterload_zeroinit)
    adv_data_encode                          0x0002031b   Thumb Code   364  ble_advdata.o(i.adv_data_encode)
    app_error_fault_handler                  0x000205f5   Thumb Code    28  app_error_weak.o(i.app_error_fault_handler)
    app_error_handler                        0x00020621   Thumb Code    32  app_error.o(i.app_error_handler)
    app_error_save_and_stop                  0x00020641   Thumb Code   132  app_error.o(i.app_error_save_and_stop)
    app_fifo_get                             0x000206c9   Thumb Code    30  app_fifo.o(i.app_fifo_get)
    app_fifo_init                            0x000206e7   Thumb Code    36  app_fifo.o(i.app_fifo_init)
    app_fifo_put                             0x0002070b   Thumb Code    34  app_fifo.o(i.app_fifo_put)
    app_timer_create                         0x0002072d   Thumb Code    56  app_timer.o(i.app_timer_create)
    app_timer_init                           0x00020769   Thumb Code    70  app_timer.o(i.app_timer_init)
    app_timer_start                          0x000207c5   Thumb Code    78  app_timer.o(i.app_timer_start)
    app_timer_stop                           0x00020819   Thumb Code    44  app_timer.o(i.app_timer_stop)
    app_uart_get                             0x00020849   Thumb Code    70  app_uart_fifo.o(i.app_uart_get)
    app_uart_init                            0x000208dd   Thumb Code   200  app_uart_fifo.o(i.app_uart_init)
    app_uart_put                             0x000209c5   Thumb Code    50  app_uart_fifo.o(i.app_uart_put)
    app_util_critical_region_enter           0x00020a05   Thumb Code    12  app_util_platform.o(i.app_util_critical_region_enter)
    app_util_critical_region_exit            0x00020a11   Thumb Code    62  app_util_platform.o(i.app_util_critical_region_exit)
    ble_advdata_set                          0x00020ba1   Thumb Code   148  ble_advdata.o(i.ble_advdata_set)
    ble_advertising_conn_cfg_tag_set         0x00020c35   Thumb Code     6  ble_advertising.o(i.ble_advertising_conn_cfg_tag_set)
    ble_advertising_init                     0x00020c41   Thumb Code   324  ble_advertising.o(i.ble_advertising_init)
    ble_advertising_on_ble_evt               0x00020dbd   Thumb Code    50  ble_advertising.o(i.ble_advertising_on_ble_evt)
    ble_advertising_start                    0x00020df1   Thumb Code   318  ble_advertising.o(i.ble_advertising_start)
    ble_conn_params_init                     0x00020f61   Thumb Code    84  ble_conn_params.o(i.ble_conn_params_init)
    ble_conn_params_on_ble_evt               0x00020fd1   Thumb Code    62  ble_conn_params.o(i.ble_conn_params_on_ble_evt)
    ble_nus_init                             0x000210bd   Thumb Code   144  ble_nus.o(i.ble_nus_init)
    ble_nus_on_ble_evt                       0x00021151   Thumb Code    66  ble_nus.o(i.ble_nus_on_ble_evt)
    ble_nus_string_send                      0x00021193   Thumb Code    86  ble_nus.o(i.ble_nus_string_send)
    ble_srv_is_notification_enabled          0x000211e9   Thumb Code    18  ble_srv_common.o(i.ble_srv_is_notification_enabled)
    bsp_board_button_idx_to_pin              0x00021399   Thumb Code     8  boards.o(i.bsp_board_button_idx_to_pin)
    bsp_board_led_invert                     0x000213a5   Thumb Code    44  boards.o(i.bsp_board_led_invert)
    bsp_board_led_off                        0x000213d5   Thumb Code    16  boards.o(i.bsp_board_led_off)
    bsp_board_led_on                         0x000213e9   Thumb Code    16  boards.o(i.bsp_board_led_on)
    bsp_board_led_state_get                  0x000213fd   Thumb Code    44  boards.o(i.bsp_board_led_state_get)
    bsp_board_leds_off                       0x0002142d   Thumb Code    20  boards.o(i.bsp_board_leds_off)
    bsp_board_leds_on                        0x00021441   Thumb Code    20  boards.o(i.bsp_board_leds_on)
    bsp_board_pin_to_button_idx              0x00021455   Thumb Code    32  boards.o(i.bsp_board_pin_to_button_idx)
    bsp_btn_ble_on_ble_evt                   0x00021479   Thumb Code   110  bsp_btn_ble.o(i.bsp_btn_ble_on_ble_evt)
    bsp_btn_ble_sleep_mode_prepare           0x000214f1   Thumb Code    50  bsp_btn_ble.o(i.bsp_btn_ble_sleep_mode_prepare)
    bsp_event_to_button_action_assign        0x000215e9   Thumb Code    86  bsp.o(i.bsp_event_to_button_action_assign)
    bsp_indication_set                       0x00021645   Thumb Code    28  bsp.o(i.bsp_indication_set)
    bsp_wakeup_button_enable                 0x000219e1   Thumb Code    22  bsp.o(i.bsp_wakeup_button_enable)
    fputc                                    0x0002217b   Thumb Code    16  retarget.o(i.fputc)
    fs_queued_op_count_get                   0x0002218d   Thumb Code    18  fstorage.o(i.fs_queued_op_count_get)
    gatt_evt_handler                         0x0002223d   Thumb Code    50  main.o(i.gatt_evt_handler)
    gatt_init                                0x000222a1   Thumb Code    72  main.o(i.gatt_init)
    intern_softdevice_events_execute         0x00022301   Thumb Code   166  softdevice_handler.o(i.intern_softdevice_events_execute)
    main                                     0x000226d9   Thumb Code   142  main.o(i.main)
    nrf_ble_gatt_att_mtu_periph_set          0x000228f7   Thumb Code    30  nrf_ble_gatt.o(i.nrf_ble_gatt_att_mtu_periph_set)
    nrf_ble_gatt_init                        0x00022915   Thumb Code    52  nrf_ble_gatt.o(i.nrf_ble_gatt_init)
    nrf_ble_gatt_on_ble_evt                  0x00022949   Thumb Code   180  nrf_ble_gatt.o(i.nrf_ble_gatt_on_ble_evt)
    nrf_drv_clock_init                       0x00022ac9   Thumb Code    94  nrf_drv_clock.o(i.nrf_drv_clock_init)
    nrf_drv_clock_on_sd_enable               0x00022b31   Thumb Code    46  nrf_drv_clock.o(i.nrf_drv_clock_on_sd_enable)
    nrf_drv_clock_on_soc_event               0x00022b65   Thumb Code    14  nrf_drv_clock.o(i.nrf_drv_clock_on_soc_event)
    nrf_drv_common_irq_enable                0x00022b91   Thumb Code    84  nrf_drv_common.o(i.nrf_drv_common_irq_enable)
    nrf_drv_ppi_channel_alloc                0x00022c19   Thumb Code   102  nrf_drv_ppi.o(i.nrf_drv_ppi_channel_alloc)
    nrf_drv_ppi_channel_assign               0x00022c89   Thumb Code    80  nrf_drv_ppi.o(i.nrf_drv_ppi_channel_assign)
    nrf_drv_ppi_channel_disable              0x00022cdd   Thumb Code    50  nrf_drv_ppi.o(i.nrf_drv_ppi_channel_disable)
    nrf_drv_ppi_channel_enable               0x00022d11   Thumb Code    56  nrf_drv_ppi.o(i.nrf_drv_ppi_channel_enable)
    nrf_drv_ppi_init                         0x00022d55   Thumb Code    20  nrf_drv_ppi.o(i.nrf_drv_ppi_init)
    nrf_drv_saadc_buffer_convert             0x00022d6d   Thumb Code   186  nrf_drv_saadc.o(i.nrf_drv_saadc_buffer_convert)
    nrf_drv_saadc_channel_init               0x00022e2d   Thumb Code   128  nrf_drv_saadc.o(i.nrf_drv_saadc_channel_init)
    nrf_drv_saadc_channel_uninit             0x00022eb5   Thumb Code    84  nrf_drv_saadc.o(i.nrf_drv_saadc_channel_uninit)
    nrf_drv_saadc_init                       0x00022f0d   Thumb Code   150  nrf_drv_saadc.o(i.nrf_drv_saadc_init)
    nrf_drv_saadc_limits_set                 0x00022fb1   Thumb Code   168  nrf_drv_saadc.o(i.nrf_drv_saadc_limits_set)
    nrf_drv_saadc_sample_task_get            0x00023061   Thumb Code    24  nrf_drv_saadc.o(i.nrf_drv_saadc_sample_task_get)
    nrf_drv_saadc_uninit                     0x00023081   Thumb Code   108  nrf_drv_saadc.o(i.nrf_drv_saadc_uninit)
    nrf_drv_timer_compare                    0x000230f9   Thumb Code    56  nrf_drv_timer.o(i.nrf_drv_timer_compare)
    nrf_drv_timer_enable                     0x00023131   Thumb Code    30  nrf_drv_timer.o(i.nrf_drv_timer_enable)
    nrf_drv_timer_extended_compare           0x00023155   Thumb Code    66  nrf_drv_timer.o(i.nrf_drv_timer_extended_compare)
    nrf_drv_timer_init                       0x00023199   Thumb Code   168  nrf_drv_timer.o(i.nrf_drv_timer_init)
    nrf_drv_uart_init                        0x00023245   Thumb Code   126  nrf_drv_uart.o(i.nrf_drv_uart_init)
    nrf_drv_uart_rx                          0x000232c9   Thumb Code   208  nrf_drv_uart.o(i.nrf_drv_uart_rx)
    nrf_drv_uart_rx_enable                   0x0002339d   Thumb Code    46  nrf_drv_uart.o(i.nrf_drv_uart_rx_enable)
    nrf_drv_uart_tx                          0x00023565   Thumb Code    96  nrf_drv_uart.o(i.nrf_drv_uart_tx)
    nrf_drv_uart_tx_in_progress              0x000236d1   Thumb Code    22  nrf_drv_uart.o(i.nrf_drv_uart_tx_in_progress)
    nrf_drv_uart_uninit                      0x000236ed   Thumb Code   130  nrf_drv_uart.o(i.nrf_drv_uart_uninit)
    nrf_log_backend_hexdump_handler_get      0x00023909   Thumb Code     4  nrf_log_backend_serial.o(i.nrf_log_backend_hexdump_handler_get)
    nrf_log_backend_init                     0x00023911   Thumb Code   114  nrf_log_backend_serial.o(i.nrf_log_backend_init)
    nrf_log_backend_std_handler_get          0x00023c79   Thumb Code     4  nrf_log_backend_serial.o(i.nrf_log_backend_std_handler_get)
    nrf_log_frontend_init                    0x00023cad   Thumb Code    18  nrf_log_frontend.o(i.nrf_log_frontend_init)
    nrf_log_frontend_std_0                   0x00023cbf   Thumb Code    20  nrf_log_frontend.o(i.nrf_log_frontend_std_0)
    nrf_log_frontend_std_1                   0x00023cd3   Thumb Code    24  nrf_log_frontend.o(i.nrf_log_frontend_std_1)
    nrf_log_frontend_std_2                   0x00023ceb   Thumb Code    32  nrf_log_frontend.o(i.nrf_log_frontend_std_2)
    nrf_log_handlers_set                     0x00023d0d   Thumb Code     8  nrf_log_frontend.o(i.nrf_log_handlers_set)
    nrf_log_init                             0x00023d19   Thumb Code    44  nrf_log_frontend.o(i.nrf_log_init)
    nrf_saadc_channel_init                   0x00023d65   Thumb Code   108  nrf_saadc.o(i.nrf_saadc_channel_init)
    saadc_callback                           0x000249b5   Thumb Code   262  main.o(i.saadc_callback)
    saadc_init                               0x00024b19   Thumb Code   360  main.o(i.saadc_init)
    saadc_sampling_event_disable             0x00024c9d   Thumb Code    38  main.o(i.saadc_sampling_event_disable)
    saadc_sampling_event_enable              0x00024cd9   Thumb Code    38  main.o(i.saadc_sampling_event_enable)
    saadc_sampling_event_init                0x00024d15   Thumb Code   252  main.o(i.saadc_sampling_event_init)
    softdevice_app_ram_start_get             0x00025201   Thumb Code    16  softdevice_handler.o(i.softdevice_app_ram_start_get)
    softdevice_ble_evt_handler_set           0x00025215   Thumb Code    20  softdevice_handler.o(i.softdevice_ble_evt_handler_set)
    softdevice_enable                        0x0002522d   Thumb Code    82  softdevice_handler.o(i.softdevice_enable)
    softdevice_fault_handler                 0x0002532d   Thumb Code    20  softdevice_handler.o(i.softdevice_fault_handler)
    softdevice_handler_init                  0x00025341   Thumb Code   138  softdevice_handler.o(i.softdevice_handler_init)
    softdevice_handler_is_enabled            0x000253e1   Thumb Code     6  softdevice_handler.o(i.softdevice_handler_is_enabled)
    timer_handler                            0x00025411   Thumb Code     2  main.o(i.timer_handler)
    uart_event_handle                        0x00025899   Thumb Code   168  main.o(i.uart_event_handle)
    __ctype_table                            0x00026138   Data         129  ctype_o.o(.constdata)
    Region$$Table$$Base                      0x000263a0   Number         0  anon$$obj.o(Region$$Table)
    Region$$Table$$Limit                     0x000263c0   Number         0  anon$$obj.o(Region$$Table)
    Image$$RW_IRAM1$$Base                    0x20003228   Number         0  anon$$obj.o ABSOLUTE
    state                                    0x20003230   Data           1  main.o(.data)
    __stdout                                 0x200032e8   Data           4  retarget.o(.data)
    __stdin                                  0x200032ec   Data           4  retarget.o(.data)
    SystemCoreClock                          0x20003314   Data           4  system_nrf52.o(.data)
    nrf_nvic_state                           0x20003a44   Data          12  app_util_platform.o(.bss)
    _SEGGER_RTT                              0x20003de4   Data         120  segger_rtt.o(.bss)
    __initial_sp                             0x20005e60   Data           0  arm_startup_nrf52.o(STACK)



==============================================================================

Memory Map of the image

  Image Entry point : 0x0001f201

  Load Region LR_IROM1 (Base: 0x0001f000, Size: 0x000074b0, Max: 0x00061000, ABSOLUTE)

    Execution Region ER_IROM1 (Exec base: 0x0001f000, Load base: 0x0001f000, Size: 0x000073c0, Max: 0x00061000, ABSOLUTE)

    Exec Addr    Load Addr    Size         Type   Attr      Idx    E Section Name        Object

    0x0001f000   0x0001f000   0x00000200   Data   RO         4085    RESET               arm_startup_nrf52.o
    0x0001f200   0x0001f200   0x00000000   Code   RO         4180  * .ARM.Collect$$$$00000000  mc_w.l(entry.o)
    0x0001f200   0x0001f200   0x00000004   Code   RO         4486    .ARM.Collect$$$$00000001  mc_w.l(entry2.o)
    0x0001f204   0x0001f204   0x00000004   Code   RO         4489    .ARM.Collect$$$$00000004  mc_w.l(entry5.o)
    0x0001f208   0x0001f208   0x00000000   Code   RO         4491    .ARM.Collect$$$$00000008  mc_w.l(entry7b.o)
    0x0001f208   0x0001f208   0x00000000   Code   RO         4493    .ARM.Collect$$$$0000000A  mc_w.l(entry8b.o)
    0x0001f208   0x0001f208   0x00000008   Code   RO         4494    .ARM.Collect$$$$0000000B  mc_w.l(entry9a.o)
    0x0001f210   0x0001f210   0x00000000   Code   RO         4496    .ARM.Collect$$$$0000000D  mc_w.l(entry10a.o)
    0x0001f210   0x0001f210   0x00000000   Code   RO         4498    .ARM.Collect$$$$0000000F  mc_w.l(entry11a.o)
    0x0001f210   0x0001f210   0x00000004   Code   RO         4487    .ARM.Collect$$$$00002712  mc_w.l(entry2.o)
    0x0001f214   0x0001f214   0x00000024   Code   RO         4086    .text               arm_startup_nrf52.o
    0x0001f238   0x0001f238   0x00000062   Code   RO         4183    .text               mc_w.l(uldiv.o)
    0x0001f29a   0x0001f29a   0x00000002   PAD
    0x0001f29c   0x0001f29c   0x00000008   Code   RO         4185    .text               mc_w.l(ctype_o.o)
    0x0001f2a4   0x0001f2a4   0x00000024   Code   RO         4213    .text               mc_w.l(memcpya.o)
    0x0001f2c8   0x0001f2c8   0x00000024   Code   RO         4215    .text               mc_w.l(memseta.o)
    0x0001f2ec   0x0001f2ec   0x0000000e   Code   RO         4217    .text               mc_w.l(strlen.o)
    0x0001f2fa   0x0001f2fa   0x0000001a   Code   RO         4219    .text               mc_w.l(memcmp.o)
    0x0001f314   0x0001f314   0x00000012   Code   RO         4221    .text               mc_w.l(strcpy.o)
    0x0001f326   0x0001f326   0x0000001e   Code   RO         4502    .text               mc_w.l(llshl.o)
    0x0001f344   0x0001f344   0x00000020   Code   RO         4504    .text               mc_w.l(llushr.o)
    0x0001f364   0x0001f364   0x00000024   Code   RO         4517    .text               mc_w.l(init.o)
    0x0001f388   0x0001f388   0x00000238   Code   RO         1584    i.GPIOTE_IRQHandler  nrf_drv_gpiote.o
    0x0001f5c0   0x0001f5c0   0x00000018   Code   RO         2937    i.NVIC_ClearPendingIRQ  app_timer.o
    0x0001f5d8   0x0001f5d8   0x00000018   Code   RO         3943    i.NVIC_DisableIRQ   softdevice_handler.o
    0x0001f5f0   0x0001f5f0   0x00000016   Code   RO         2938    i.NVIC_EnableIRQ    app_timer.o
    0x0001f606   0x0001f606   0x00000016   Code   RO         3944    i.NVIC_EnableIRQ    softdevice_handler.o
    0x0001f61c   0x0001f61c   0x00000018   Code   RO         2939    i.NVIC_SetPendingIRQ  app_timer.o
    0x0001f634   0x0001f634   0x00000028   Code   RO         2940    i.NVIC_SetPriority  app_timer.o
    0x0001f65c   0x0001f65c   0x00000050   Code   RO         1332    i.POWER_CLOCK_IRQHandler  nrf_drv_clock.o
    0x0001f6ac   0x0001f6ac   0x00000034   Code   RO         2941    i.RTC1_IRQHandler   app_timer.o
    0x0001f6e0   0x0001f6e0   0x000001cc   Code   RO         2503    i.SAADC_IRQHandler  nrf_drv_saadc.o
    0x0001f8ac   0x0001f8ac   0x00000018   Code   RO         3793    i.SEGGER_RTT_Init   segger_rtt.o
    0x0001f8c4   0x0001f8c4   0x00000084   Code   RO         3802    i.SEGGER_RTT_WriteNoLock  segger_rtt.o
    0x0001f948   0x0001f948   0x00000008   Code   RO         2942    i.SWI0_EGU0_IRQHandler  app_timer.o
    0x0001f950   0x0001f950   0x00000038   Code   RO         3945    i.SWI2_EGU2_IRQHandler  softdevice_handler.o
    0x0001f988   0x0001f988   0x00000010   Code   RO         4093    i.SystemCoreClockUpdate  system_nrf52.o
    0x0001f998   0x0001f998   0x00000284   Code   RO         4094    i.SystemInit        system_nrf52.o
    0x0001fc1c   0x0001fc1c   0x00000018   Code   RO         2183    i.TIMER3_IRQHandler  nrf_drv_timer.o
    0x0001fc34   0x0001fc34   0x00000024   Code   RO         1871    i.UARTE0_UART0_IRQHandler  nrf_drv_uart.o
    0x0001fc58   0x0001fc58   0x00000070   Code   RO         3805    i._DoInit           segger_rtt.o
    0x0001fcc8   0x0001fcc8   0x0000001c   Code   RO         3806    i._GetAvailWriteSpace  segger_rtt.o
    0x0001fce4   0x0001fce4   0x00000072   Code   RO         3808    i._WriteBlocking    segger_rtt.o
    0x0001fd56   0x0001fd56   0x0000004c   Code   RO         3809    i._WriteNoCheck     segger_rtt.o
    0x0001fda2   0x0001fda2   0x00000002   PAD
    0x0001fda4   0x0001fda4   0x00000020   Code   RO         4432    i.__0printf$8       mc_w.l(printf8.o)
    0x0001fdc4   0x0001fdc4   0x00000030   Code   RO         4433    i.__0snprintf$8     mc_w.l(printf8.o)
    0x0001fdf4   0x0001fdf4   0x00000028   Code   RO         4434    i.__0sprintf$8      mc_w.l(printf8.o)
    0x0001fe1c   0x0001fe1c   0x0000000e   Code   RO         4525    i.__scatterload_copy  mc_w.l(handlers.o)
    0x0001fe2a   0x0001fe2a   0x00000002   Code   RO         4526    i.__scatterload_null  mc_w.l(handlers.o)
    0x0001fe2c   0x0001fe2c   0x0000000e   Code   RO         4527    i.__scatterload_zeroinit  mc_w.l(handlers.o)
    0x0001fe3a   0x0001fe3a   0x00000002   PAD
    0x0001fe3c   0x0001fe3c   0x00000038   Code   RO         3946    i.__sd_nvic_app_accessible_irq  softdevice_handler.o
    0x0001fe74   0x0001fe74   0x0000000c   Code   RO         3232    i.__sd_nvic_irq_disable  app_util_platform.o
    0x0001fe80   0x0001fe80   0x00000410   Code   RO         4439    i._printf_core      mc_w.l(printf8.o)
    0x00020290   0x00020290   0x00000024   Code   RO         4440    i._printf_post_padding  mc_w.l(printf8.o)
    0x000202b4   0x000202b4   0x0000002e   Code   RO         4441    i._printf_pre_padding  mc_w.l(printf8.o)
    0x000202e2   0x000202e2   0x00000016   Code   RO         4442    i._snputc           mc_w.l(printf8.o)
    0x000202f8   0x000202f8   0x0000000a   Code   RO         4443    i._sputc            mc_w.l(printf8.o)
    0x00020302   0x00020302   0x00000018   Code   RO          856    i.addr_is_valid     ble_advertising.o
    0x0002031a   0x0002031a   0x0000016c   Code   RO          749    i.adv_data_encode   ble_advdata.o
    0x00020486   0x00020486   0x00000002   PAD
    0x00020488   0x00020488   0x00000060   Code   RO          857    i.adv_mode_next_avail_get  ble_advertising.o
    0x000204e8   0x000204e8   0x00000012   Code   RO          858    i.adv_mode_next_get  ble_advertising.o
    0x000204fa   0x000204fa   0x00000012   Code   RO          750    i.advdata_check     ble_advdata.o
    0x0002050c   0x0002050c   0x00000054   Code   RO          657    i.advertising_buttons_configure  bsp_btn_ble.o
    0x00020560   0x00020560   0x00000094   Code   RO            4    i.advertising_init  main.o
    0x000205f4   0x000205f4   0x0000002c   Code   RO         2774    i.app_error_fault_handler  app_error_weak.o
    0x00020620   0x00020620   0x00000020   Code   RO         2731    i.app_error_handler  app_error.o
    0x00020640   0x00020640   0x00000088   Code   RO         2733    i.app_error_save_and_stop  app_error.o
    0x000206c8   0x000206c8   0x0000001e   Code   RO         2799    i.app_fifo_get      app_fifo.o
    0x000206e6   0x000206e6   0x00000024   Code   RO         2800    i.app_fifo_init     app_fifo.o
    0x0002070a   0x0002070a   0x00000022   Code   RO         2802    i.app_fifo_put      app_fifo.o
    0x0002072c   0x0002072c   0x0000003c   Code   RO         2945    i.app_timer_create  app_timer.o
    0x00020768   0x00020768   0x0000005c   Code   RO         2946    i.app_timer_init    app_timer.o
    0x000207c4   0x000207c4   0x00000054   Code   RO         2949    i.app_timer_start   app_timer.o
    0x00020818   0x00020818   0x00000030   Code   RO         2950    i.app_timer_stop    app_timer.o
    0x00020848   0x00020848   0x00000094   Code   RO         3163    i.app_uart_get      app_uart_fifo.o
    0x000208dc   0x000208dc   0x000000e8   Code   RO         3164    i.app_uart_init     app_uart_fifo.o
    0x000209c4   0x000209c4   0x00000040   Code   RO         3165    i.app_uart_put      app_uart_fifo.o
    0x00020a04   0x00020a04   0x0000000c   Code   RO         3233    i.app_util_critical_region_enter  app_util_platform.o
    0x00020a10   0x00020a10   0x00000048   Code   RO         3234    i.app_util_critical_region_exit  app_util_platform.o
    0x00020a58   0x00020a58   0x00000052   Code   RO          751    i.appearance_encode  ble_advdata.o
    0x00020aaa   0x00020aaa   0x00000002   PAD
    0x00020aac   0x00020aac   0x000000e4   Code   RO         1872    i.apply_config      nrf_drv_uart.o
    0x00020b90   0x00020b90   0x00000010   Code   RO         2342    i.are_app_channels  nrf_drv_ppi.o
    0x00020ba0   0x00020ba0   0x00000094   Code   RO          752    i.ble_advdata_set   ble_advdata.o
    0x00020c34   0x00020c34   0x0000000c   Code   RO          859    i.ble_advertising_conn_cfg_tag_set  ble_advertising.o
    0x00020c40   0x00020c40   0x0000017c   Code   RO          860    i.ble_advertising_init  ble_advertising.o
    0x00020dbc   0x00020dbc   0x00000032   Code   RO          861    i.ble_advertising_on_ble_evt  ble_advertising.o
    0x00020dee   0x00020dee   0x00000002   PAD
    0x00020df0   0x00020df0   0x00000170   Code   RO          865    i.ble_advertising_start  ble_advertising.o
    0x00020f60   0x00020f60   0x00000070   Code   RO          998    i.ble_conn_params_init  ble_conn_params.o
    0x00020fd0   0x00020fd0   0x0000003e   Code   RO          999    i.ble_conn_params_on_ble_evt  ble_conn_params.o
    0x0002100e   0x0002100e   0x00000076   Code   RO          753    i.ble_device_addr_encode  ble_advdata.o
    0x00021084   0x00021084   0x00000038   Code   RO            6    i.ble_evt_dispatch  main.o
    0x000210bc   0x000210bc   0x00000094   Code   RO         1270    i.ble_nus_init      ble_nus.o
    0x00021150   0x00021150   0x00000042   Code   RO         1271    i.ble_nus_on_ble_evt  ble_nus.o
    0x00021192   0x00021192   0x00000056   Code   RO         1272    i.ble_nus_string_send  ble_nus.o
    0x000211e8   0x000211e8   0x00000012   Code   RO         1087    i.ble_srv_is_notification_enabled  ble_srv_common.o
    0x000211fa   0x000211fa   0x00000002   PAD
    0x000211fc   0x000211fc   0x0000019c   Code   RO            7    i.ble_stack_init    main.o
    0x00021398   0x00021398   0x0000000c   Code   RO          422    i.bsp_board_button_idx_to_pin  boards.o
    0x000213a4   0x000213a4   0x00000030   Code   RO          426    i.bsp_board_led_invert  boards.o
    0x000213d4   0x000213d4   0x00000014   Code   RO          427    i.bsp_board_led_off  boards.o
    0x000213e8   0x000213e8   0x00000014   Code   RO          428    i.bsp_board_led_on  boards.o
    0x000213fc   0x000213fc   0x00000030   Code   RO          429    i.bsp_board_led_state_get  boards.o
    0x0002142c   0x0002142c   0x00000014   Code   RO          431    i.bsp_board_leds_off  boards.o
    0x00021440   0x00021440   0x00000014   Code   RO          432    i.bsp_board_leds_on  boards.o
    0x00021454   0x00021454   0x00000024   Code   RO          433    i.bsp_board_pin_to_button_idx  boards.o
    0x00021478   0x00021478   0x00000078   Code   RO          659    i.bsp_btn_ble_on_ble_evt  bsp_btn_ble.o
    0x000214f0   0x000214f0   0x00000032   Code   RO          660    i.bsp_btn_ble_sleep_mode_prepare  bsp_btn_ble.o
    0x00021522   0x00021522   0x00000002   PAD
    0x00021524   0x00021524   0x000000c4   Code   RO          541    i.bsp_button_event_handler  bsp.o
    0x000215e8   0x000215e8   0x0000005c   Code   RO          545    i.bsp_event_to_button_action_assign  bsp.o
    0x00021644   0x00021644   0x00000020   Code   RO          546    i.bsp_indication_set  bsp.o
    0x00021664   0x00021664   0x0000037c   Code   RO          548    i.bsp_led_indication  bsp.o
    0x000219e0   0x000219e0   0x00000016   Code   RO          550    i.bsp_wakeup_button_enable  bsp.o
    0x000219f6   0x000219f6   0x00000014   Code   RO         3553    i.buf_len_update    nrf_log_backend_serial.o
    0x00021a0a   0x00021a0a   0x00000032   Code   RO         3554    i.byte2hex          nrf_log_backend_serial.o
    0x00021a3c   0x00021a3c   0x00000010   Code   RO         1586    i.channel_handler_get  nrf_drv_gpiote.o
    0x00021a4c   0x00021a4c   0x0000000c   Code   RO         1588    i.channel_port_get  nrf_drv_gpiote.o
    0x00021a58   0x00021a58   0x00000030   Code   RO         1333    i.clock_clk_started_notify  nrf_drv_clock.o
    0x00021a88   0x00021a88   0x00000090   Code   RO         2952    i.compare_reg_update  app_timer.o
    0x00021b18   0x00021b18   0x0000005a   Code   RO          754    i.conn_int_check    ble_advdata.o
    0x00021b72   0x00021b72   0x00000068   Code   RO          755    i.conn_int_encode   ble_advdata.o
    0x00021bda   0x00021bda   0x00000002   PAD
    0x00021bdc   0x00021bdc   0x00000028   Code   RO            8    i.conn_params_error_handler  main.o
    0x00021c04   0x00021c04   0x00000070   Code   RO            9    i.conn_params_init  main.o
    0x00021c74   0x00021c74   0x00000084   Code   RO         1001    i.conn_params_negotiation  ble_conn_params.o
    0x00021cf8   0x00021cf8   0x00000054   Code   RO          661    i.connection_buttons_configure  bsp_btn_ble.o
    0x00021d4c   0x00021d4c   0x00000044   Code   RO         1153    i.data_length_update  nrf_ble_gatt.o
    0x00021d90   0x00021d90   0x00000064   Code   RO         2953    i.elapsed_ticks_acquire  app_timer.o
    0x00021df4   0x00021df4   0x00000054   Code   RO         4095    i.errata_108        system_nrf52.o
    0x00021e48   0x00021e48   0x00000054   Code   RO         4096    i.errata_12         system_nrf52.o
    0x00021e9c   0x00021e9c   0x00000054   Code   RO         4097    i.errata_136        system_nrf52.o
    0x00021ef0   0x00021ef0   0x00000030   Code   RO         4098    i.errata_16         system_nrf52.o
    0x00021f20   0x00021f20   0x00000054   Code   RO         4099    i.errata_31         system_nrf52.o
    0x00021f74   0x00021f74   0x00000030   Code   RO         4100    i.errata_32         system_nrf52.o
    0x00021fa4   0x00021fa4   0x00000054   Code   RO         4101    i.errata_36         system_nrf52.o
    0x00021ff8   0x00021ff8   0x00000030   Code   RO         4102    i.errata_37         system_nrf52.o
    0x00022028   0x00022028   0x00000030   Code   RO         4103    i.errata_57         system_nrf52.o
    0x00022058   0x00022058   0x00000030   Code   RO         4104    i.errata_66         system_nrf52.o
    0x00022088   0x00022088   0x00000058   Code   RO         2954    i.expired_timers_handler  app_timer.o
    0x000220e0   0x000220e0   0x00000018   Code   RO         2805    i.fifo_get          app_fifo.o
    0x000220f8   0x000220f8   0x0000000a   Code   RO         2806    i.fifo_length       app_fifo.o
    0x00022102   0x00022102   0x0000000a   Code   RO         3166    i.fifo_length       app_uart_fifo.o
    0x0002210c   0x0002210c   0x00000012   Code   RO         2807    i.fifo_peek         app_fifo.o
    0x0002211e   0x0002211e   0x00000012   Code   RO         2808    i.fifo_put          app_fifo.o
    0x00022130   0x00022130   0x00000036   Code   RO          756    i.flags_encode      ble_advdata.o
    0x00022166   0x00022166   0x00000014   Code   RO          867    i.flash_access_in_progress  ble_advertising.o
    0x0002217a   0x0002217a   0x00000010   Code   RO         3517    i.fputc             retarget.o
    0x0002218a   0x0002218a   0x00000002   PAD
    0x0002218c   0x0002218c   0x00000018   Code   RO         3318    i.fs_queued_op_count_get  fstorage.o
    0x000221a4   0x000221a4   0x00000098   Code   RO           10    i.gap_params_init   main.o
    0x0002223c   0x0002223c   0x00000064   Code   RO           11    i.gatt_evt_handler  main.o
    0x000222a0   0x000222a0   0x00000060   Code   RO           12    i.gatt_init         main.o
    0x00022300   0x00022300   0x000000c4   Code   RO         3947    i.intern_softdevice_events_execute  softdevice_handler.o
    0x000223c4   0x000223c4   0x0000008c   Code   RO         1873    i.interrupts_enable  nrf_drv_uart.o
    0x00022450   0x00022450   0x0000005c   Code   RO         2184    i.irq_handler       nrf_drv_timer.o
    0x000224ac   0x000224ac   0x00000020   Code   RO         2344    i.is_allocated_channel  nrf_drv_ppi.o
    0x000224cc   0x000224cc   0x00000012   Code   RO         2346    i.is_app_channel    nrf_drv_ppi.o
    0x000224de   0x000224de   0x00000002   PAD
    0x000224e0   0x000224e0   0x00000024   Code   RO         1002    i.is_conn_params_ok  ble_conn_params.o
    0x00022504   0x00022504   0x00000018   Code   RO         2348    i.is_programmable_app_channel  nrf_drv_ppi.o
    0x0002251c   0x0002251c   0x0000000c   Code   RO         1336    i.item_dequeue      nrf_drv_clock.o
    0x00022528   0x00022528   0x00000028   Code   RO          552    i.leds_off          bsp.o
    0x00022550   0x00022550   0x00000018   Code   RO         1154    i.link_init         nrf_ble_gatt.o
    0x00022568   0x00022568   0x0000013c   Code   RO         2955    i.list_insertions_handler  app_timer.o
    0x000226a4   0x000226a4   0x00000034   Code   RO           13    i.log_init          main.o
    0x000226d8   0x000226d8   0x000000d0   Code   RO           14    i.main              main.o
    0x000227a8   0x000227a8   0x00000076   Code   RO          757    i.manuf_specific_data_encode  ble_advdata.o
    0x0002281e   0x0002281e   0x000000c2   Code   RO          758    i.name_encode       ble_advdata.o
    0x000228e0   0x000228e0   0x00000016   Code   RO         1589    i.nrf_bitmask_bit_is_set  nrf_drv_gpiote.o
    0x000228f6   0x000228f6   0x0000001e   Code   RO         1156    i.nrf_ble_gatt_att_mtu_periph_set  nrf_ble_gatt.o
    0x00022914   0x00022914   0x00000034   Code   RO         1160    i.nrf_ble_gatt_init  nrf_ble_gatt.o
    0x00022948   0x00022948   0x000000b8   Code   RO         1161    i.nrf_ble_gatt_on_ble_evt  nrf_ble_gatt.o
    0x00022a00   0x00022a00   0x00000012   Code   RO         1340    i.nrf_clock_event_check  nrf_drv_clock.o
    0x00022a12   0x00022a12   0x00000012   Code   RO         1341    i.nrf_clock_event_clear  nrf_drv_clock.o
    0x00022a24   0x00022a24   0x0000000c   Code   RO         1343    i.nrf_clock_int_disable  nrf_drv_clock.o
    0x00022a30   0x00022a30   0x00000098   Code   RO         2956    i.nrf_delay_us      app_timer.o
    0x00022ac8   0x00022ac8   0x00000068   Code   RO         1352    i.nrf_drv_clock_init  nrf_drv_clock.o
    0x00022b30   0x00022b30   0x00000034   Code   RO         1359    i.nrf_drv_clock_on_sd_enable  nrf_drv_clock.o
    0x00022b64   0x00022b64   0x0000000e   Code   RO         1360    i.nrf_drv_clock_on_soc_event  nrf_drv_clock.o
    0x00022b72   0x00022b72   0x00000002   PAD
    0x00022b74   0x00022b74   0x0000001c   Code   RO         1874    i.nrf_drv_common_irq_disable  nrf_drv_uart.o
    0x00022b90   0x00022b90   0x00000060   Code   RO         1538    i.nrf_drv_common_irq_enable  nrf_drv_common.o
    0x00022bf0   0x00022bf0   0x0000000a   Code   RO         1875    i.nrf_drv_get_IRQn  nrf_drv_uart.o
    0x00022bfa   0x00022bfa   0x0000000a   Code   RO         2185    i.nrf_drv_get_IRQn  nrf_drv_timer.o
    0x00022c04   0x00022c04   0x00000014   Code   RO         1876    i.nrf_drv_is_in_RAM  nrf_drv_uart.o
    0x00022c18   0x00022c18   0x00000070   Code   RO         2349    i.nrf_drv_ppi_channel_alloc  nrf_drv_ppi.o
    0x00022c88   0x00022c88   0x00000054   Code   RO         2350    i.nrf_drv_ppi_channel_assign  nrf_drv_ppi.o
    0x00022cdc   0x00022cdc   0x00000032   Code   RO         2351    i.nrf_drv_ppi_channel_disable  nrf_drv_ppi.o
    0x00022d0e   0x00022d0e   0x00000002   PAD
    0x00022d10   0x00022d10   0x0000003c   Code   RO         2352    i.nrf_drv_ppi_channel_enable  nrf_drv_ppi.o
    0x00022d4c   0x00022d4c   0x00000008   Code   RO         2355    i.nrf_drv_ppi_channel_to_mask  nrf_drv_ppi.o
    0x00022d54   0x00022d54   0x00000018   Code   RO         2362    i.nrf_drv_ppi_init  nrf_drv_ppi.o
    0x00022d6c   0x00022d6c   0x000000c0   Code   RO         2505    i.nrf_drv_saadc_buffer_convert  nrf_drv_saadc.o
    0x00022e2c   0x00022e2c   0x00000088   Code   RO         2507    i.nrf_drv_saadc_channel_init  nrf_drv_saadc.o
    0x00022eb4   0x00022eb4   0x00000058   Code   RO         2508    i.nrf_drv_saadc_channel_uninit  nrf_drv_saadc.o
    0x00022f0c   0x00022f0c   0x000000a4   Code   RO         2509    i.nrf_drv_saadc_init  nrf_drv_saadc.o
    0x00022fb0   0x00022fb0   0x000000b0   Code   RO         2511    i.nrf_drv_saadc_limits_set  nrf_drv_saadc.o
    0x00023060   0x00023060   0x00000020   Code   RO         2514    i.nrf_drv_saadc_sample_task_get  nrf_drv_saadc.o
    0x00023080   0x00023080   0x00000078   Code   RO         2515    i.nrf_drv_saadc_uninit  nrf_drv_saadc.o
    0x000230f8   0x000230f8   0x00000038   Code   RO         2188    i.nrf_drv_timer_compare  nrf_drv_timer.o
    0x00023130   0x00023130   0x00000024   Code   RO         2192    i.nrf_drv_timer_enable  nrf_drv_timer.o
    0x00023154   0x00023154   0x00000042   Code   RO         2193    i.nrf_drv_timer_extended_compare  nrf_drv_timer.o
    0x00023196   0x00023196   0x00000002   PAD
    0x00023198   0x00023198   0x000000ac   Code   RO         2195    i.nrf_drv_timer_init  nrf_drv_timer.o
    0x00023244   0x00023244   0x00000084   Code   RO         1878    i.nrf_drv_uart_init  nrf_drv_uart.o
    0x000232c8   0x000232c8   0x000000d4   Code   RO         1879    i.nrf_drv_uart_rx   nrf_drv_uart.o
    0x0002339c   0x0002339c   0x00000034   Code   RO         1882    i.nrf_drv_uart_rx_enable  nrf_drv_uart.o
    0x000233d0   0x000233d0   0x000000cc   Code   RO         1883    i.nrf_drv_uart_rx_for_uart  nrf_drv_uart.o
    0x0002349c   0x0002349c   0x000000c8   Code   RO         1884    i.nrf_drv_uart_rx_for_uarte  nrf_drv_uart.o
    0x00023564   0x00023564   0x00000064   Code   RO         1886    i.nrf_drv_uart_tx   nrf_drv_uart.o
    0x000235c8   0x000235c8   0x0000008c   Code   RO         1888    i.nrf_drv_uart_tx_for_uart  nrf_drv_uart.o
    0x00023654   0x00023654   0x0000007c   Code   RO         1889    i.nrf_drv_uart_tx_for_uarte  nrf_drv_uart.o
    0x000236d0   0x000236d0   0x0000001c   Code   RO         1890    i.nrf_drv_uart_tx_in_progress  nrf_drv_uart.o
    0x000236ec   0x000236ec   0x0000008c   Code   RO         1891    i.nrf_drv_uart_uninit  nrf_drv_uart.o
    0x00023778   0x00023778   0x00000028   Code   RO         1892    i.nrf_gpio_cfg      nrf_drv_uart.o
    0x000237a0   0x000237a0   0x00000018   Code   RO         1893    i.nrf_gpio_cfg_default  nrf_drv_uart.o
    0x000237b8   0x000237b8   0x0000001a   Code   RO         1894    i.nrf_gpio_cfg_input  nrf_drv_uart.o
    0x000237d2   0x000237d2   0x00000018   Code   RO         1895    i.nrf_gpio_cfg_output  nrf_drv_uart.o
    0x000237ea   0x000237ea   0x00000032   Code   RO          554    i.nrf_gpio_cfg_sense_set  bsp.o
    0x0002381c   0x0002381c   0x00000032   Code   RO         1615    i.nrf_gpio_cfg_sense_set  nrf_drv_gpiote.o
    0x0002384e   0x0002384e   0x00000016   Code   RO         1896    i.nrf_gpio_pin_set  nrf_drv_uart.o
    0x00023864   0x00023864   0x0000003a   Code   RO          436    i.nrf_gpio_pin_write  boards.o
    0x0002389e   0x0002389e   0x00000002   PAD
    0x000238a0   0x000238a0   0x00000028   Code   RO         1619    i.nrf_gpio_ports_read  nrf_drv_gpiote.o
    0x000238c8   0x000238c8   0x0000000c   Code   RO         1620    i.nrf_gpiote_event_addr_get  nrf_drv_gpiote.o
    0x000238d4   0x000238d4   0x0000001c   Code   RO         1621    i.nrf_gpiote_event_clear  nrf_drv_gpiote.o
    0x000238f0   0x000238f0   0x00000016   Code   RO         1622    i.nrf_gpiote_event_is_set  nrf_drv_gpiote.o
    0x00023906   0x00023906   0x00000002   PAD
    0x00023908   0x00023908   0x00000008   Code   RO         3556    i.nrf_log_backend_hexdump_handler_get  nrf_log_backend_serial.o
    0x00023910   0x00023910   0x00000088   Code   RO         3557    i.nrf_log_backend_init  nrf_log_backend_serial.o
    0x00023998   0x00023998   0x0000015e   Code   RO         3558    i.nrf_log_backend_serial_hexdump_handler  nrf_log_backend_serial.o
    0x00023af6   0x00023af6   0x00000182   Code   RO         3559    i.nrf_log_backend_serial_std_handler  nrf_log_backend_serial.o
    0x00023c78   0x00023c78   0x00000008   Code   RO         3560    i.nrf_log_backend_std_handler_get  nrf_log_backend_serial.o
    0x00023c80   0x00023c80   0x0000002c   Code   RO         3666    i.nrf_log_direct_feed  nrf_log_frontend.o
    0x00023cac   0x00023cac   0x00000012   Code   RO         3669    i.nrf_log_frontend_init  nrf_log_frontend.o
    0x00023cbe   0x00023cbe   0x00000014   Code   RO         3670    i.nrf_log_frontend_std_0  nrf_log_frontend.o
    0x00023cd2   0x00023cd2   0x00000018   Code   RO         3671    i.nrf_log_frontend_std_1  nrf_log_frontend.o
    0x00023cea   0x00023cea   0x00000020   Code   RO         3672    i.nrf_log_frontend_std_2  nrf_log_frontend.o
    0x00023d0a   0x00023d0a   0x00000002   PAD
    0x00023d0c   0x00023d0c   0x0000000c   Code   RO         3678    i.nrf_log_handlers_set  nrf_log_frontend.o
    0x00023d18   0x00023d18   0x0000002c   Code   RO         3679    i.nrf_log_init      nrf_log_frontend.o
    0x00023d44   0x00023d44   0x00000010   Code   RO         2364    i.nrf_ppi_channel_disable  nrf_drv_ppi.o
    0x00023d54   0x00023d54   0x00000010   Code   RO         2516    i.nrf_saadc_buffer_init  nrf_drv_saadc.o
    0x00023d64   0x00023d64   0x00000070   Code   RO         2648    i.nrf_saadc_channel_init  nrf_saadc.o
    0x00023dd4   0x00023dd4   0x00000018   Code   RO         2517    i.nrf_saadc_channel_input_set  nrf_drv_saadc.o
    0x00023dec   0x00023dec   0x00000014   Code   RO         2518    i.nrf_saadc_event_check  nrf_drv_saadc.o
    0x00023e00   0x00023e00   0x00000018   Code   RO         2519    i.nrf_saadc_event_clear  nrf_drv_saadc.o
    0x00023e18   0x00023e18   0x0000000c   Code   RO         2520    i.nrf_saadc_int_disable  nrf_drv_saadc.o
    0x00023e24   0x00023e24   0x0000000c   Code   RO         2521    i.nrf_saadc_int_enable  nrf_drv_saadc.o
    0x00023e30   0x00023e30   0x00000014   Code   RO         2522    i.nrf_saadc_limit_int_get  nrf_drv_saadc.o
    0x00023e44   0x00023e44   0x0000000c   Code   RO         2523    i.nrf_saadc_task_trigger  nrf_drv_saadc.o
    0x00023e50   0x00023e50   0x0000000e   Code   RO         2199    i.nrf_timer_compare_event_get  nrf_drv_timer.o
    0x00023e5e   0x00023e5e   0x0000000a   Code   RO         2200    i.nrf_timer_compare_int_get  nrf_drv_timer.o
    0x00023e68   0x00023e68   0x0000000e   Code   RO         2201    i.nrf_timer_event_clear  nrf_drv_timer.o
    0x00023e76   0x00023e76   0x00000006   Code   RO         2202    i.nrf_timer_int_disable  nrf_drv_timer.o
    0x00023e7c   0x00023e7c   0x00000006   Code   RO         2203    i.nrf_timer_int_enable  nrf_drv_timer.o
    0x00023e82   0x00023e82   0x0000000c   Code   RO         2204    i.nrf_timer_shorts_disable  nrf_drv_timer.o
    0x00023e8e   0x00023e8e   0x00000006   Code   RO         2205    i.nrf_timer_task_trigger  nrf_drv_timer.o
    0x00023e94   0x00023e94   0x0000000c   Code   RO         1897    i.nrf_uart_errorsrc_get_and_clear  nrf_drv_uart.o
    0x00023ea0   0x00023ea0   0x0000000e   Code   RO         1898    i.nrf_uart_event_check  nrf_drv_uart.o
    0x00023eae   0x00023eae   0x0000000e   Code   RO         1899    i.nrf_uart_event_clear  nrf_drv_uart.o
    0x00023ebc   0x00023ebc   0x0000000a   Code   RO         1900    i.nrf_uart_hwfc_pins_set  nrf_drv_uart.o
    0x00023ec6   0x00023ec6   0x00000006   Code   RO         1901    i.nrf_uart_int_disable  nrf_drv_uart.o
    0x00023ecc   0x00023ecc   0x00000006   Code   RO         1902    i.nrf_uart_int_enable  nrf_drv_uart.o
    0x00023ed2   0x00023ed2   0x00000012   Code   RO         1903    i.nrf_uart_int_enable_check  nrf_drv_uart.o
    0x00023ee4   0x00023ee4   0x00000006   Code   RO         1904    i.nrf_uart_task_trigger  nrf_drv_uart.o
    0x00023eea   0x00023eea   0x0000000a   Code   RO         1905    i.nrf_uart_txrx_pins_set  nrf_drv_uart.o
    0x00023ef4   0x00023ef4   0x0000000c   Code   RO         1906    i.nrf_uarte_errorsrc_get_and_clear  nrf_drv_uart.o
    0x00023f00   0x00023f00   0x0000000e   Code   RO         1907    i.nrf_uarte_event_check  nrf_drv_uart.o
    0x00023f0e   0x00023f0e   0x0000000e   Code   RO         1908    i.nrf_uarte_event_clear  nrf_drv_uart.o
    0x00023f1c   0x00023f1c   0x0000000c   Code   RO         1909    i.nrf_uarte_hwfc_pins_set  nrf_drv_uart.o
    0x00023f28   0x00023f28   0x00000006   Code   RO         1910    i.nrf_uarte_int_disable  nrf_drv_uart.o
    0x00023f2e   0x00023f2e   0x00000006   Code   RO         1911    i.nrf_uarte_int_enable  nrf_drv_uart.o
    0x00023f34   0x00023f34   0x0000000a   Code   RO         1912    i.nrf_uarte_rx_amount_get  nrf_drv_uart.o
    0x00023f3e   0x00023f3e   0x00000006   Code   RO         1913    i.nrf_uarte_task_trigger  nrf_drv_uart.o
    0x00023f44   0x00023f44   0x0000000e   Code   RO         1914    i.nrf_uarte_txrx_pins_set  nrf_drv_uart.o
    0x00023f52   0x00023f52   0x00000002   PAD
    0x00023f54   0x00023f54   0x00000084   Code   RO           15    i.nus_data_handler  main.o
    0x00023fd8   0x00023fd8   0x00000048   Code   RO           16    i.on_adv_evt        main.o
    0x00024020   0x00024020   0x0000024c   Code   RO           17    i.on_ble_evt        main.o
    0x0002426c   0x0002426c   0x00000040   Code   RO           18    i.on_conn_params_evt  main.o
    0x000242ac   0x000242ac   0x00000018   Code   RO         1003    i.on_conn_params_update  ble_conn_params.o
    0x000242c4   0x000242c4   0x00000038   Code   RO         1004    i.on_connect        ble_conn_params.o
    0x000242fc   0x000242fc   0x00000006   Code   RO         1273    i.on_connect        ble_nus.o
    0x00024302   0x00024302   0x00000002   PAD
    0x00024304   0x00024304   0x00000014   Code   RO          868    i.on_connected      ble_advertising.o
    0x00024318   0x00024318   0x00000078   Code   RO         1162    i.on_connected_evt  nrf_ble_gatt.o
    0x00024390   0x00024390   0x00000054   Code   RO         1163    i.on_data_length_update_evt  nrf_ble_gatt.o
    0x000243e4   0x000243e4   0x00000054   Code   RO         1164    i.on_data_length_update_request_evt  nrf_ble_gatt.o
    0x00024438   0x00024438   0x00000040   Code   RO         1005    i.on_disconnect     ble_conn_params.o
    0x00024478   0x00024478   0x00000008   Code   RO         1274    i.on_disconnect     ble_nus.o
    0x00024480   0x00024480   0x0000003c   Code   RO          869    i.on_disconnected   ble_advertising.o
    0x000244bc   0x000244bc   0x00000014   Code   RO         1165    i.on_disconnected_evt  nrf_ble_gatt.o
    0x000244d0   0x000244d0   0x00000080   Code   RO         1166    i.on_exchange_mtu_request_evt  nrf_ble_gatt.o
    0x00024550   0x00024550   0x00000064   Code   RO         1167    i.on_exchange_mtu_rsp_evt  nrf_ble_gatt.o
    0x000245b4   0x000245b4   0x00000038   Code   RO          870    i.on_timeout        ble_advertising.o
    0x000245ec   0x000245ec   0x0000004c   Code   RO         1006    i.on_write          ble_conn_params.o
    0x00024638   0x00024638   0x00000046   Code   RO         1275    i.on_write          ble_nus.o
    0x0002467e   0x0002467e   0x00000002   PAD
    0x00024680   0x00024680   0x000000d4   Code   RO         1915    i.pins_to_default   nrf_drv_uart.o
    0x00024754   0x00024754   0x00000030   Code   RO           19    i.power_manage      main.o
    0x00024784   0x00024784   0x0000000c   Code   RO         2957    i.rtc1_compare0_set  app_timer.o
    0x00024790   0x00024790   0x0000000c   Code   RO         2958    i.rtc1_counter_get  app_timer.o
    0x0002479c   0x0002479c   0x00000018   Code   RO         2959    i.rtc1_init         app_timer.o
    0x000247b4   0x000247b4   0x0000003c   Code   RO         2960    i.rtc1_start        app_timer.o
    0x000247f0   0x000247f0   0x00000058   Code   RO         2961    i.rtc1_stop         app_timer.o
    0x00024848   0x00024848   0x0000003e   Code   RO         1916    i.rx_byte           nrf_drv_uart.o
    0x00024886   0x00024886   0x000000ee   Code   RO         1276    i.rx_char_add       ble_nus.o
    0x00024974   0x00024974   0x0000001e   Code   RO         1917    i.rx_done_event     nrf_drv_uart.o
    0x00024992   0x00024992   0x00000022   Code   RO         1918    i.rx_enable         nrf_drv_uart.o
    0x000249b4   0x000249b4   0x00000164   Code   RO           20    i.saadc_callback    main.o
    0x00024b18   0x00024b18   0x00000184   Code   RO           21    i.saadc_init        main.o
    0x00024c9c   0x00024c9c   0x0000003c   Code   RO           22    i.saadc_sampling_event_disable  main.o
    0x00024cd8   0x00024cd8   0x0000003c   Code   RO           23    i.saadc_sampling_event_enable  main.o
    0x00024d14   0x00024d14   0x0000011c   Code   RO           24    i.saadc_sampling_event_init  main.o
    0x00024e30   0x00024e30   0x0000008c   Code   RO         3948    i.sd_nvic_EnableIRQ  softdevice_handler.o
    0x00024ebc   0x00024ebc   0x00000068   Code   RO         3239    i.sd_nvic_critical_region_enter  app_util_platform.o
    0x00024f24   0x00024f24   0x00000014   Code   RO         3562    i.serial_is_busy    nrf_log_backend_serial.o
    0x00024f38   0x00024f38   0x0000006c   Code   RO         3563    i.serial_tx         nrf_log_backend_serial.o
    0x00024fa4   0x00024fa4   0x00000096   Code   RO          759    i.service_data_encode  ble_advdata.o
    0x0002503a   0x0002503a   0x00000002   PAD
    0x0002503c   0x0002503c   0x00000048   Code   RO           25    i.services_init     main.o
    0x00025084   0x00025084   0x00000020   Code   RO          871    i.set_adv_mode_directed  ble_advertising.o
    0x000250a4   0x000250a4   0x0000002c   Code   RO          872    i.set_adv_mode_directed_slow  ble_advertising.o
    0x000250d0   0x000250d0   0x00000060   Code   RO          873    i.set_adv_mode_fast  ble_advertising.o
    0x00025130   0x00025130   0x00000060   Code   RO          874    i.set_adv_mode_slow  ble_advertising.o
    0x00025190   0x00025190   0x00000070   Code   RO           26    i.sleep_mode_enter  main.o
    0x00025200   0x00025200   0x00000014   Code   RO         3949    i.softdevice_app_ram_start_get  softdevice_handler.o
    0x00025214   0x00025214   0x00000018   Code   RO         3950    i.softdevice_ble_evt_handler_set  softdevice_handler.o
    0x0002522c   0x0002522c   0x00000100   Code   RO         3951    i.softdevice_enable  softdevice_handler.o
    0x0002532c   0x0002532c   0x00000014   Code   RO         3952    i.softdevice_fault_handler  softdevice_handler.o
    0x00025340   0x00025340   0x000000a0   Code   RO         3953    i.softdevice_handler_init  softdevice_handler.o
    0x000253e0   0x000253e0   0x0000000c   Code   RO         3954    i.softdevice_handler_is_enabled  softdevice_handler.o
    0x000253ec   0x000253ec   0x0000000e   Code   RO          760    i.srdata_check      ble_advdata.o
    0x000253fa   0x000253fa   0x0000000a   Code   RO         2962    i.ticks_diff_get    app_timer.o
    0x00025404   0x00025404   0x0000000c   Code   RO         2963    i.timeout_handler_exec  app_timer.o
    0x00025410   0x00025410   0x00000002   Code   RO           27    i.timer_handler     main.o
    0x00025412   0x00025412   0x00000002   PAD
    0x00025414   0x00025414   0x00000050   Code   RO         2964    i.timer_list_handler  app_timer.o
    0x00025464   0x00025464   0x0000000a   Code   RO         2965    i.timer_list_handler_sched  app_timer.o
    0x0002546e   0x0002546e   0x00000002   PAD
    0x00025470   0x00025470   0x00000068   Code   RO         2966    i.timer_list_insert  app_timer.o
    0x000254d8   0x000254d8   0x00000088   Code   RO         2967    i.timer_list_remove  app_timer.o
    0x00025560   0x00025560   0x0000005e   Code   RO         2968    i.timer_start_op_schedule  app_timer.o
    0x000255be   0x000255be   0x00000042   Code   RO         2969    i.timer_stop_op_schedule  app_timer.o
    0x00025600   0x00025600   0x00000098   Code   RO         2970    i.timer_timeouts_check  app_timer.o
    0x00025698   0x00025698   0x0000000a   Code   RO         2971    i.timer_timeouts_check_sched  app_timer.o
    0x000256a2   0x000256a2   0x00000002   PAD
    0x000256a4   0x000256a4   0x00000040   Code   RO         3564    i.timestamp_process  nrf_log_backend_serial.o
    0x000256e4   0x000256e4   0x00000026   Code   RO         1919    i.tx_byte           nrf_drv_uart.o
    0x0002570a   0x0002570a   0x00000134   Code   RO         1277    i.tx_char_add       ble_nus.o
    0x0002583e   0x0002583e   0x00000022   Code   RO         1920    i.tx_done_event     nrf_drv_uart.o
    0x00025860   0x00025860   0x00000036   Code   RO          761    i.tx_power_level_encode  ble_advdata.o
    0x00025896   0x00025896   0x00000002   PAD
    0x00025898   0x00025898   0x000000c8   Code   RO           28    i.uart_event_handle  main.o
    0x00025960   0x00025960   0x000000d4   Code   RO         3167    i.uart_event_handler  app_uart_fifo.o
    0x00025a34   0x00025a34   0x00000010   Code   RO         3565    i.uart_event_handler  nrf_log_backend_serial.o
    0x00025a44   0x00025a44   0x00000070   Code   RO           29    i.uart_init         main.o
    0x00025ab4   0x00025ab4   0x00000142   Code   RO         1921    i.uart_irq_handler  nrf_drv_uart.o
    0x00025bf6   0x00025bf6   0x0000010c   Code   RO         1922    i.uarte_irq_handler  nrf_drv_uart.o
    0x00025d02   0x00025d02   0x0000000c   Code   RO         1092    i.uint16_decode     ble_srv_common.o
    0x00025d0e   0x00025d0e   0x0000000c   Code   RO          762    i.uint16_encode     ble_advdata.o
    0x00025d1a   0x00025d1a   0x00000002   PAD
    0x00025d1c   0x00025d1c   0x00000090   Code   RO         1007    i.update_timeout_handler  ble_conn_params.o
    0x00025dac   0x00025dac   0x0000003c   Code   RO         2972    i.user_op_alloc     app_timer.o
    0x00025de8   0x00025de8   0x0000000c   Code   RO         2973    i.user_op_enque     app_timer.o
    0x00025df4   0x00025df4   0x0000004e   Code   RO          763    i.uuid_list_encode  ble_advdata.o
    0x00025e42   0x00025e42   0x000000dc   Code   RO          764    i.uuid_list_sized_encode  ble_advdata.o
    0x00025f1e   0x00025f1e   0x00000002   PAD
    0x00025f20   0x00025f20   0x0000000c   Code   RO          875    i.whitelist_has_entries  ble_advertising.o
    0x00025f2c   0x00025f2c   0x0000005d   Data   RO           31    .constdata          main.o
    0x00025f89   0x00025f89   0x00000008   Data   RO          437    .constdata          boards.o
    0x00025f91   0x00025f91   0x00000003   PAD
    0x00025f94   0x00025f94   0x0000002c   Data   RO          556    .constdata          bsp.o
    0x00025fc0   0x00025fc0   0x00000004   Data   RO         1009    .constdata          ble_conn_params.o
    0x00025fc4   0x00025fc4   0x00000016   Data   RO         1168    .constdata          nrf_ble_gatt.o
    0x00025fda   0x00025fda   0x00000002   PAD
    0x00025fdc   0x00025fdc   0x00000010   Data   RO         1278    .constdata          ble_nus.o
    0x00025fec   0x00025fec   0x00000047   Data   RO         1631    .constdata          nrf_drv_gpiote.o
    0x00026033   0x00026033   0x000000bd   Data   RO         2525    .constdata          nrf_drv_saadc.o
    0x000260f0   0x000260f0   0x00000020   Data   RO         3169    .constdata          app_uart_fifo.o
    0x00026110   0x00026110   0x00000028   Data   RO         3567    .constdata          nrf_log_backend_serial.o
    0x00026138   0x00026138   0x00000081   Data   RO         4186    .constdata          mc_w.l(ctype_o.o)
    0x000261b9   0x000261b9   0x00000003   PAD
    0x000261bc   0x000261bc   0x00000004   Data   RO         4187    .constdata          mc_w.l(ctype_o.o)
    0x000261c0   0x000261c0   0x00000186   Data   RO         1169    .conststring        nrf_ble_gatt.o
    0x00026346   0x00026346   0x00000002   PAD
    0x00026348   0x00026348   0x00000057   Data   RO         3960    .conststring        softdevice_handler.o
    0x0002639f   0x0002639f   0x00000001   PAD
    0x000263a0   0x000263a0   0x00000020   Data   RO         4523    Region$$Table       anon$$obj.o


    Execution Region RW_IRAM1 (Exec base: 0x20003228, Load base: 0x000263c0, Size: 0x00002c38, Max: 0x0000cdd8, ABSOLUTE)

    Exec Addr    Load Addr    Size         Type   Attr      Idx    E Section Name        Object

    0x20003228   0x000263c0   0x00000035   Data   RW           32    .data               main.o
    0x2000325d   0x000263f5   0x00000003   PAD
    0x20003260   0x000263f8   0x00000015   Data   RW          557    .data               bsp.o
    0x20003275   0x0002640d   0x00000003   PAD
    0x20003278   0x00026410   0x00000008   Data   RW          663    .data               bsp_btn_ble.o
    0x20003280   0x00026418   0x0000001f   Data   RW          877    .data               ble_advertising.o
    0x2000329f   0x00026437   0x00000001   PAD
    0x200032a0   0x00026438   0x00000015   Data   RW         1010    .data               ble_conn_params.o
    0x200032b5   0x0002644d   0x00000003   PAD
    0x200032b8   0x00026450   0x00000009   Data   RW         2367    .data               nrf_drv_ppi.o
    0x200032c1   0x00026459   0x00000003   PAD
    0x200032c4   0x0002645c   0x00000014   Data   RW         2975    .data               app_timer.o
    0x200032d8   0x00026470   0x0000000f   Data   RW         3170    .data               app_uart_fifo.o
    0x200032e7   0x0002647f   0x00000001   PAD
    0x200032e8   0x00026480   0x00000008   Data   RW         3518    .data               retarget.o
    0x200032f0   0x00026488   0x0000000b   Data   RW         3568    .data               nrf_log_backend_serial.o
    0x200032fb   0x00026493   0x00000001   PAD
    0x200032fc   0x00026494   0x00000018   Data   RW         3961    .data               softdevice_handler.o
    0x20003314   0x000264ac   0x00000004   Data   RW         4105    .data               system_nrf52.o
    0x20003318        -       0x000003bb   Zero   RW           30    .bss                main.o
    0x200036d3   0x000264b0   0x00000001   PAD
    0x200036d4        -       0x0000006c   Zero   RW          555    .bss                bsp.o
    0x20003740        -       0x000000b3   Zero   RW          876    .bss                ble_advertising.o
    0x200037f3   0x000264b0   0x00000001   PAD
    0x200037f4        -       0x0000003c   Zero   RW         1008    .bss                ble_conn_params.o
    0x20003830        -       0x00000014   Zero   RW         1362    .bss                nrf_drv_clock.o
    0x20003844        -       0x00000058   Zero   RW         1630    .bss                nrf_drv_gpiote.o
    0x2000389c        -       0x00000020   Zero   RW         1923    .bss                nrf_drv_uart.o
    0x200038bc        -       0x0000000c   Zero   RW         2206    .bss                nrf_drv_timer.o
    0x200038c8        -       0x00000030   Zero   RW         2524    .bss                nrf_drv_saadc.o
    0x200038f8        -       0x00000020   Zero   RW         2734    .bss                app_error.o
    0x20003918        -       0x0000010c   Zero   RW         2974    .bss                app_timer.o
    0x20003a24        -       0x00000020   Zero   RW         3168    .bss                app_uart_fifo.o
    0x20003a44        -       0x0000000c   Zero   RW         3240    .bss                app_util_platform.o
    0x20003a50        -       0x00000068   Zero   RW         3329    .bss                fstorage.o
    0x20003ab8        -       0x00000100   Zero   RW         3566    .bss                nrf_log_backend_serial.o
    0x20003bb8        -       0x0000001c   Zero   RW         3681    .bss                nrf_log_frontend.o
    0x20003bd4        -       0x00000288   Zero   RW         3810    .bss                segger_rtt.o
    0x20003e5c   0x000264b0   0x00000004   PAD
    0x20003e60        -       0x00002000   Zero   RW         4083    STACK               arm_startup_nrf52.o


==============================================================================

Image component sizes


      Code (inc. data)   RO Data    RW Data    ZI Data      Debug   Object Name

       168          4          0          0         32       4138   app_error.o
        44         16          0          0          0        786   app_error_weak.o
       170          0          0          0          0       6114   app_fifo.o
         0          0          0          0          0      20760   app_scheduler.o
      2196        248          0         20        268      53067   app_timer.o
       666        152         32         15         32      11318   app_uart_fifo.o
       200         24          0          0         12      10358   app_util_platform.o
        36          8        512          0       8192        924   arm_startup_nrf52.o
      1818          0          0          0          0      38992   ble_advdata.o
      1384        220          0         31        179      15467   ble_advertising.o
       706        120          4         21         60       8024   ble_conn_params.o
       930          4         16          0          0       7662   ble_nus.o
        30          0          0          0          0      22842   ble_srv_common.o
       282         24          8          0          0      11065   boards.o
      1324         78         44         21        108      11980   bsp.o
       338         10          0          8          0       4718   bsp_btn_ble.o
        24          6          0          0        104       3392   fstorage.o
      3926        770         93         53        955     164117   main.o
       894         42        412          0          0      34872   nrf_ble_gatt.o
       358         34          0          0         20      13584   nrf_drv_clock.o
        96         12          0          0          0      29399   nrf_drv_common.o
       770         32         71          0         88      23869   nrf_drv_gpiote.o
       444         34          0          9          0      14879   nrf_drv_ppi.o
      1508        102        189          0         48      25420   nrf_drv_saadc.o
       524         20          0          0         12      21693   nrf_drv_timer.o
      3120         94          0          0         32      81230   nrf_drv_uart.o
      1166         62         40         11        256      11731   nrf_log_backend_serial.o
       194          8          0          0         28       8341   nrf_log_frontend.o
       112          4          0          0          0       6697   nrf_saadc.o
        16          0          0          8          0       2898   retarget.o
       486         50          0          0        648       8109   segger_rtt.o
       986        272         87         24          0      42867   softdevice_handler.o
      1320        134          0          4          0      34526   system_nrf52.o

    ----------------------------------------------------------------------
     26286       2584       1548        240      11080     755839   Object Totals
         0          0         32          0          0          0   (incl. Generated)
        50          0          8         15          6          0   (incl. Padding)

    ----------------------------------------------------------------------

      Code (inc. data)   RO Data    RW Data    ZI Data      Debug   Library Member Name

         8          4        133          0          0         68   ctype_o.o
         0          0          0          0          0          0   entry.o
         0          0          0          0          0          0   entry10a.o
         0          0          0          0          0          0   entry11a.o
         8          4          0          0          0          0   entry2.o
         4          0          0          0          0          0   entry5.o
         0          0          0          0          0          0   entry7b.o
         0          0          0          0          0          0   entry8b.o
         8          4          0          0          0          0   entry9a.o
        30          0          0          0          0          0   handlers.o
        36          8          0          0          0         68   init.o
        30          0          0          0          0         68   llshl.o
        32          0          0          0          0         68   llushr.o
        26          0          0          0          0         80   memcmp.o
        36          0          0          0          0         68   memcpya.o
        36          0          0          0          0        108   memseta.o
      1274         64          0          0          0        656   printf8.o
        18          0          0          0          0         68   strcpy.o
        14          0          0          0          0         68   strlen.o
        98          0          0          0          0         92   uldiv.o

    ----------------------------------------------------------------------
      1662         84        136          0          0       1412   Library Totals
         4          0          3          0          0          0   (incl. Padding)

    ----------------------------------------------------------------------

      Code (inc. data)   RO Data    RW Data    ZI Data      Debug   Library Name

      1658         84        133          0          0       1412   mc_w.l

    ----------------------------------------------------------------------
      1662         84        136          0          0       1412   Library Totals

    ----------------------------------------------------------------------

==============================================================================


      Code (inc. data)   RO Data    RW Data    ZI Data      Debug   

     27948       2668       1684        240      11080     725679   Grand Totals
     27948       2668       1684        240      11080     725679   ELF Image Totals
     27948       2668       1684        240          0          0   ROM Totals

==============================================================================

    Total RO  Size (Code + RO Data)                29632 (  28.94kB)
    Total RW  Size (RW Data + ZI Data)             11320 (  11.05kB)
    Total ROM Size (Code + RO Data + RW Data)      29872 (  29.17kB)

==============================================================================

